<?xml version="1.0" encoding="ISO-8859-1" ?>
<link_info>
   <banner>MSP430 Linker Unix v18.1.1.LTS</banner>
   <copyright>Copyright (c) 2003-2017 Texas Instruments Incorporated</copyright>
   <link_time>0x5c187278</link_time>
   <link_errors>0x0</link_errors>
   <output_file>wiegand_03_2018.out</output_file>
   <entry_point>
      <name>_c_int00_noargs</name>
      <address>0xc7d2</address>
   </entry_point>
   <input_file_list>
      <input_file id="fl-1">
         <path>./</path>
         <kind>object</kind>
         <file>EEprom.obj</file>
         <name>EEprom.obj</name>
      </input_file>
      <input_file id="fl-2">
         <path>./</path>
         <kind>object</kind>
         <file>cqueue.obj</file>
         <name>cqueue.obj</name>
      </input_file>
      <input_file id="fl-3">
         <path>./</path>
         <kind>object</kind>
         <file>door.obj</file>
         <name>door.obj</name>
      </input_file>
      <input_file id="fl-4">
         <path>./</path>
         <kind>object</kind>
         <file>fsm.obj</file>
         <name>fsm.obj</name>
      </input_file>
      <input_file id="fl-5">
         <path>./</path>
         <kind>object</kind>
         <file>fsmtable.obj</file>
         <name>fsmtable.obj</name>
      </input_file>
      <input_file id="fl-6">
         <path>./</path>
         <kind>object</kind>
         <file>iic.obj</file>
         <name>iic.obj</name>
      </input_file>
      <input_file id="fl-7">
         <path>./</path>
         <kind>object</kind>
         <file>led.obj</file>
         <name>led.obj</name>
      </input_file>
      <input_file id="fl-8">
         <path>./</path>
         <kind>object</kind>
         <file>main.obj</file>
         <name>main.obj</name>
      </input_file>
      <input_file id="fl-9">
         <path>./</path>
         <kind>object</kind>
         <file>timer.obj</file>
         <name>timer.obj</name>
      </input_file>
      <input_file id="fl-a">
         <path>./</path>
         <kind>object</kind>
         <file>wiegand.obj</file>
         <name>wiegand.obj</name>
      </input_file>
      <input_file id="fl-f">
         <kind>object</kind>
         <file>&lt;internal&gt;</file>
         <name>&lt;internal&gt;</name>
      </input_file>
      <input_file id="fl-25">
         <path>/home/jacoby/ti/ccsv8/tools/compiler/ti-cgt-msp430_18.1.1.LTS/lib/</path>
         <kind>archive</kind>
         <file>rts430_eabi.lib</file>
         <name>div16u.asm.obj</name>
      </input_file>
      <input_file id="fl-26">
         <path>/home/jacoby/ti/ccsv8/tools/compiler/ti-cgt-msp430_18.1.1.LTS/lib/</path>
         <kind>archive</kind>
         <file>rts430_eabi.lib</file>
         <name>epilog.asm.obj</name>
      </input_file>
      <input_file id="fl-27">
         <path>/home/jacoby/ti/ccsv8/tools/compiler/ti-cgt-msp430_18.1.1.LTS/lib/</path>
         <kind>archive</kind>
         <file>rts430_eabi.lib</file>
         <name>int00.asm.obj</name>
      </input_file>
      <input_file id="fl-28">
         <path>/home/jacoby/ti/ccsv8/tools/compiler/ti-cgt-msp430_18.1.1.LTS/lib/</path>
         <kind>archive</kind>
         <file>rts430_eabi.lib</file>
         <name>int03.asm.obj</name>
      </input_file>
      <input_file id="fl-29">
         <path>/home/jacoby/ti/ccsv8/tools/compiler/ti-cgt-msp430_18.1.1.LTS/lib/</path>
         <kind>archive</kind>
         <file>rts430_eabi.lib</file>
         <name>int05.asm.obj</name>
      </input_file>
      <input_file id="fl-2a">
         <path>/home/jacoby/ti/ccsv8/tools/compiler/ti-cgt-msp430_18.1.1.LTS/lib/</path>
         <kind>archive</kind>
         <file>rts430_eabi.lib</file>
         <name>int09.asm.obj</name>
      </input_file>
      <input_file id="fl-2b">
         <path>/home/jacoby/ti/ccsv8/tools/compiler/ti-cgt-msp430_18.1.1.LTS/lib/</path>
         <kind>archive</kind>
         <file>rts430_eabi.lib</file>
         <name>int10.asm.obj</name>
      </input_file>
      <input_file id="fl-2c">
         <path>/home/jacoby/ti/ccsv8/tools/compiler/ti-cgt-msp430_18.1.1.LTS/lib/</path>
         <kind>archive</kind>
         <file>rts430_eabi.lib</file>
         <name>int11.asm.obj</name>
      </input_file>
      <input_file id="fl-2d">
         <path>/home/jacoby/ti/ccsv8/tools/compiler/ti-cgt-msp430_18.1.1.LTS/lib/</path>
         <kind>archive</kind>
         <file>rts430_eabi.lib</file>
         <name>int12.asm.obj</name>
      </input_file>
      <input_file id="fl-2e">
         <path>/home/jacoby/ti/ccsv8/tools/compiler/ti-cgt-msp430_18.1.1.LTS/lib/</path>
         <kind>archive</kind>
         <file>rts430_eabi.lib</file>
         <name>int13.asm.obj</name>
      </input_file>
      <input_file id="fl-2f">
         <path>/home/jacoby/ti/ccsv8/tools/compiler/ti-cgt-msp430_18.1.1.LTS/lib/</path>
         <kind>archive</kind>
         <file>rts430_eabi.lib</file>
         <name>int14.asm.obj</name>
      </input_file>
      <input_file id="fl-30">
         <path>/home/jacoby/ti/ccsv8/tools/compiler/ti-cgt-msp430_18.1.1.LTS/lib/</path>
         <kind>archive</kind>
         <file>rts430_eabi.lib</file>
         <name>isr_trap.asm.obj</name>
      </input_file>
      <input_file id="fl-31">
         <path>/home/jacoby/ti/ccsv8/tools/compiler/ti-cgt-msp430_18.1.1.LTS/lib/</path>
         <kind>archive</kind>
         <file>rts430_eabi.lib</file>
         <name>boot.c.obj</name>
      </input_file>
      <input_file id="fl-32">
         <path>/home/jacoby/ti/ccsv8/tools/compiler/ti-cgt-msp430_18.1.1.LTS/lib/</path>
         <kind>archive</kind>
         <file>rts430_eabi.lib</file>
         <name>autoinit.c.obj</name>
      </input_file>
      <input_file id="fl-33">
         <path>/home/jacoby/ti/ccsv8/tools/compiler/ti-cgt-msp430_18.1.1.LTS/lib/</path>
         <kind>archive</kind>
         <file>rts430_eabi.lib</file>
         <name>copy_zero_init.c.obj</name>
      </input_file>
      <input_file id="fl-34">
         <path>/home/jacoby/ti/ccsv8/tools/compiler/ti-cgt-msp430_18.1.1.LTS/lib/</path>
         <kind>archive</kind>
         <file>rts430_eabi.lib</file>
         <name>cpy_tbl.c.obj</name>
      </input_file>
      <input_file id="fl-35">
         <path>/home/jacoby/ti/ccsv8/tools/compiler/ti-cgt-msp430_18.1.1.LTS/lib/</path>
         <kind>archive</kind>
         <file>rts430_eabi.lib</file>
         <name>mpu_init.c.obj</name>
      </input_file>
      <input_file id="fl-36">
         <path>/home/jacoby/ti/ccsv8/tools/compiler/ti-cgt-msp430_18.1.1.LTS/lib/</path>
         <kind>archive</kind>
         <file>rts430_eabi.lib</file>
         <name>pre_init.c.obj</name>
      </input_file>
      <input_file id="fl-37">
         <path>/home/jacoby/ti/ccsv8/tools/compiler/ti-cgt-msp430_18.1.1.LTS/lib/</path>
         <kind>archive</kind>
         <file>rts430_eabi.lib</file>
         <name>startup.c.obj</name>
      </input_file>
      <input_file id="fl-38">
         <path>/home/jacoby/ti/ccsv8/tools/compiler/ti-cgt-msp430_18.1.1.LTS/lib/</path>
         <kind>archive</kind>
         <file>rts430_eabi.lib</file>
         <name>copy_decompress_none.c.obj</name>
      </input_file>
      <input_file id="fl-39">
         <path>/home/jacoby/ti/ccsv8/tools/compiler/ti-cgt-msp430_18.1.1.LTS/lib/</path>
         <kind>archive</kind>
         <file>rts430_eabi.lib</file>
         <name>copy_decompress_lzss.c.obj</name>
      </input_file>
      <input_file id="fl-3a">
         <path>/home/jacoby/ti/ccsv8/tools/compiler/ti-cgt-msp430_18.1.1.LTS/lib/</path>
         <kind>archive</kind>
         <file>rts430_eabi.lib</file>
         <name>exit.c.obj</name>
      </input_file>
      <input_file id="fl-3b">
         <path>/home/jacoby/ti/ccsv8/tools/compiler/ti-cgt-msp430_18.1.1.LTS/lib/</path>
         <kind>archive</kind>
         <file>rts430_eabi.lib</file>
         <name>_lock.c.obj</name>
      </input_file>
      <input_file id="fl-3c">
         <path>/home/jacoby/ti/ccsv8/tools/compiler/ti-cgt-msp430_18.1.1.LTS/lib/</path>
         <kind>archive</kind>
         <file>rts430_eabi.lib</file>
         <name>args_main.c.obj</name>
      </input_file>
      <input_file id="fl-3d">
         <path>/home/jacoby/ti/ccsv8/tools/compiler/ti-cgt-msp430_18.1.1.LTS/lib/</path>
         <kind>archive</kind>
         <file>rts430_eabi.lib</file>
         <name>memcpy.c.obj</name>
      </input_file>
      <input_file id="fl-3e">
         <path>/home/jacoby/ti/ccsv8/tools/compiler/ti-cgt-msp430_18.1.1.LTS/lib/</path>
         <kind>archive</kind>
         <file>rts430_eabi.lib</file>
         <name>lsl16.asm.obj</name>
      </input_file>
      <input_file id="fl-3f">
         <path>/home/jacoby/ti/ccsv8/tools/compiler/ti-cgt-msp430_18.1.1.LTS/lib/</path>
         <kind>archive</kind>
         <file>rts430_eabi.lib</file>
         <name>lsr16.asm.obj</name>
      </input_file>
      <input_file id="fl-40">
         <path>/home/jacoby/ti/ccsv8/tools/compiler/ti-cgt-msp430_18.1.1.LTS/lib/</path>
         <kind>archive</kind>
         <file>rts430_eabi.lib</file>
         <name>mult16.asm.obj</name>
      </input_file>
      <input_file id="fl-41">
         <path>/home/jacoby/ti/ccsv8/tools/compiler/ti-cgt-msp430_18.1.1.LTS/lib/</path>
         <kind>archive</kind>
         <file>rts430_eabi.lib</file>
         <name>exit_gvars.c.obj</name>
      </input_file>
   </input_file_list>
   <object_component_list>
      <object_component id="oc-299">
         <name>.bss:buffer</name>
         <uninitialized>true</uninitialized>
         <run_address>0x29e</run_address>
         <size>0x4</size>
         <input_file_ref idref="fl-2"/>
      </object_component>
      <object_component id="oc-29c">
         <name>.bss</name>
         <uninitialized>true</uninitialized>
         <run_address>0x292</run_address>
         <size>0x6</size>
         <input_file_ref idref="fl-2"/>
      </object_component>
      <object_component id="oc-27c">
         <name>.bss</name>
         <uninitialized>true</uninitialized>
         <run_address>0x298</run_address>
         <size>0x5</size>
         <input_file_ref idref="fl-7"/>
      </object_component>
      <object_component id="oc-1af">
         <name>.bss</name>
         <uninitialized>true</uninitialized>
         <run_address>0x2a2</run_address>
         <size>0x4</size>
         <input_file_ref idref="fl-9"/>
      </object_component>
      <object_component id="oc-152">
         <name>.bss</name>
         <uninitialized>true</uninitialized>
         <run_address>0x286</run_address>
         <size>0xc</size>
         <input_file_ref idref="fl-a"/>
      </object_component>
      <object_component id="oc-1c2">
         <name>.common:chusma1</name>
         <uninitialized>true</uninitialized>
         <run_address>0x29d</run_address>
         <size>0x1</size>
      </object_component>
      <object_component id="oc-1c5">
         <name>.common:chusma2</name>
         <uninitialized>true</uninitialized>
         <run_address>0x2a6</run_address>
         <size>0x1</size>
      </object_component>
      <object_component id="oc-1c6">
         <name>.common:chusma3</name>
         <uninitialized>true</uninitialized>
         <run_address>0x2a7</run_address>
         <size>0x1</size>
      </object_component>
      <object_component id="oc-1c7">
         <name>.common:chusma4</name>
         <uninitialized>true</uninitialized>
         <run_address>0x2a8</run_address>
         <size>0x1</size>
      </object_component>
      <object_component id="oc-1cb">
         <name>.common:dathi</name>
         <uninitialized>true</uninitialized>
         <run_address>0x2a9</run_address>
         <size>0x1</size>
      </object_component>
      <object_component id="oc-1cc">
         <name>.common:datlo</name>
         <uninitialized>true</uninitialized>
         <run_address>0x2aa</run_address>
         <size>0x1</size>
      </object_component>
      <object_component id="oc-21b">
         <name>.common:eve</name>
         <uninitialized>true</uninitialized>
         <run_address>0x2ab</run_address>
         <size>0x1</size>
      </object_component>
      <object_component id="oc-280">
         <name>.data</name>
         <load_address>0x27e</load_address>
         <run_address>0x27e</run_address>
         <size>0x2</size>
         <input_file_ref idref="fl-3"/>
      </object_component>
      <object_component id="oc-2a3">
         <name>.data</name>
         <load_address>0x27a</load_address>
         <run_address>0x27a</run_address>
         <size>0x4</size>
         <input_file_ref idref="fl-5"/>
      </object_component>
      <object_component id="oc-2a0">
         <name>.data:S_ilde</name>
         <load_address>0x200</load_address>
         <run_address>0x200</run_address>
         <size>0x24</size>
         <input_file_ref idref="fl-5"/>
      </object_component>
      <object_component id="oc-311">
         <name>.data:S_opening_door</name>
         <load_address>0x25a</load_address>
         <run_address>0x25a</run_address>
         <size>0x12</size>
         <input_file_ref idref="fl-5"/>
      </object_component>
      <object_component id="oc-37e">
         <name>.data:S_closing_door</name>
         <load_address>0x236</load_address>
         <run_address>0x236</run_address>
         <size>0x12</size>
         <input_file_ref idref="fl-5"/>
      </object_component>
      <object_component id="oc-326">
         <name>.data:S_delete_card</name>
         <load_address>0x248</load_address>
         <run_address>0x248</run_address>
         <size>0x12</size>
         <input_file_ref idref="fl-5"/>
      </object_component>
      <object_component id="oc-32f">
         <name>.data:S_add_card</name>
         <load_address>0x224</load_address>
         <run_address>0x224</run_address>
         <size>0x12</size>
         <input_file_ref idref="fl-5"/>
      </object_component>
      <object_component id="oc-1a2">
         <name>.data:i2c_data</name>
         <load_address>0x26c</load_address>
         <run_address>0x26c</run_address>
         <size>0x8</size>
         <input_file_ref idref="fl-6"/>
      </object_component>
      <object_component id="oc-1a5">
         <name>.data</name>
         <load_address>0x280</load_address>
         <run_address>0x280</run_address>
         <size>0x2</size>
         <input_file_ref idref="fl-6"/>
      </object_component>
      <object_component id="oc-279">
         <name>.data</name>
         <load_address>0x274</load_address>
         <run_address>0x274</run_address>
         <size>0x5</size>
         <input_file_ref idref="fl-7"/>
      </object_component>
      <object_component id="oc-1c8">
         <name>.data</name>
         <load_address>0x282</load_address>
         <run_address>0x282</run_address>
         <size>0x2</size>
         <input_file_ref idref="fl-8"/>
      </object_component>
      <object_component id="oc-14f">
         <name>.data</name>
         <load_address>0x284</load_address>
         <run_address>0x284</run_address>
         <size>0x2</size>
         <input_file_ref idref="fl-a"/>
      </object_component>
      <object_component id="oc-b1">
         <name>.stack</name>
         <uninitialized>true</uninitialized>
         <run_address>0x3b0</run_address>
         <size>0x2</size>
         <input_file_ref idref="fl-31"/>
      </object_component>
      <object_component id="oc-447">
         <name>.stack</name>
         <uninitialized>true</uninitialized>
         <run_address>0x3b0</run_address>
         <size>0x0</size>
      </object_component>
      <object_component id="oc-156">
         <name>.text:i2c_int</name>
         <load_address>0xc000</load_address>
         <run_address>0xc000</run_address>
         <size>0xe6</size>
         <input_file_ref idref="fl-6"/>
      </object_component>
      <object_component id="oc-179">
         <name>.text:main</name>
         <load_address>0xc0e6</load_address>
         <run_address>0xc0e6</run_address>
         <size>0xa6</size>
         <input_file_ref idref="fl-8"/>
      </object_component>
      <object_component id="oc-34">
         <name>.text:decompress:lzss:__TI_decompress_lzss</name>
         <load_address>0xc18c</load_address>
         <run_address>0xc18c</run_address>
         <size>0x7c</size>
         <input_file_ref idref="fl-39"/>
      </object_component>
      <object_component id="oc-e1">
         <name>.text:isr_wiegand</name>
         <load_address>0xc208</load_address>
         <run_address>0xc208</run_address>
         <size>0x68</size>
         <input_file_ref idref="fl-a"/>
      </object_component>
      <object_component id="oc-ba">
         <name>.text</name>
         <load_address>0xc270</load_address>
         <run_address>0xc270</run_address>
         <size>0x4c</size>
         <input_file_ref idref="fl-3f"/>
      </object_component>
      <object_component id="oc-3ad">
         <name>.text:add_card</name>
         <load_address>0xc2bc</load_address>
         <run_address>0xc2bc</run_address>
         <size>0x4a</size>
         <input_file_ref idref="fl-5"/>
      </object_component>
      <object_component id="oc-23b">
         <name>.text:__TI_auto_init_nobinit_nopinit:__TI_auto_init_nobinit_nopinit</name>
         <load_address>0xc306</load_address>
         <run_address>0xc306</run_address>
         <size>0x42</size>
         <input_file_ref idref="fl-32"/>
      </object_component>
      <object_component id="oc-320">
         <name>.text:erase_table</name>
         <load_address>0xc348</load_address>
         <run_address>0xc348</run_address>
         <size>0x42</size>
         <input_file_ref idref="fl-5"/>
      </object_component>
      <object_component id="oc-2c3">
         <name>.text:ParseCard</name>
         <load_address>0xc38a</load_address>
         <run_address>0xc38a</run_address>
         <size>0x40</size>
         <input_file_ref idref="fl-5"/>
      </object_component>
      <object_component id="oc-3a4">
         <name>.text:erase_card</name>
         <load_address>0xc3ca</load_address>
         <run_address>0xc3ca</run_address>
         <size>0x3e</size>
         <input_file_ref idref="fl-5"/>
      </object_component>
      <object_component id="oc-3de">
         <name>.text:i2c_trans</name>
         <load_address>0xc408</load_address>
         <run_address>0xc408</run_address>
         <size>0x3e</size>
         <input_file_ref idref="fl-6"/>
      </object_component>
      <object_component id="oc-1b2">
         <name>.text:isr_led</name>
         <load_address>0xc446</load_address>
         <run_address>0xc446</run_address>
         <size>0x3c</size>
         <input_file_ref idref="fl-7"/>
      </object_component>
      <object_component id="oc-342">
         <name>.text:search_card_table</name>
         <load_address>0xc482</load_address>
         <run_address>0xc482</run_address>
         <size>0x3a</size>
         <input_file_ref idref="fl-5"/>
      </object_component>
      <object_component id="oc-3b6">
         <name>.text:EE_Read_Card</name>
         <load_address>0xc4bc</load_address>
         <run_address>0xc4bc</run_address>
         <size>0x38</size>
         <input_file_ref idref="fl-5"/>
      </object_component>
      <object_component id="oc-2bd">
         <name>.text:PushQueue</name>
         <load_address>0xc4f4</load_address>
         <run_address>0xc4f4</run_address>
         <size>0x38</size>
         <input_file_ref idref="fl-2"/>
      </object_component>
      <object_component id="oc-203">
         <name>.text:flash_led</name>
         <load_address>0xc52c</load_address>
         <run_address>0xc52c</run_address>
         <size>0x36</size>
         <input_file_ref idref="fl-7"/>
      </object_component>
      <object_component id="oc-3ed">
         <name>.text:ReadEE</name>
         <load_address>0xc562</load_address>
         <run_address>0xc562</run_address>
         <size>0x30</size>
         <input_file_ref idref="fl-1"/>
      </object_component>
      <object_component id="oc-39d">
         <name>.text:WriteEE</name>
         <load_address>0xc592</load_address>
         <run_address>0xc592</run_address>
         <size>0x30</size>
         <input_file_ref idref="fl-1"/>
      </object_component>
      <object_component id="oc-f3">
         <name>.text:isr_timer</name>
         <load_address>0xc5c2</load_address>
         <run_address>0xc5c2</run_address>
         <size>0x2e</size>
         <input_file_ref idref="fl-9"/>
      </object_component>
      <object_component id="oc-3e5">
         <name>.text:EE_Write_Card</name>
         <load_address>0xc5f0</load_address>
         <run_address>0xc5f0</run_address>
         <size>0x2c</size>
         <input_file_ref idref="fl-5"/>
      </object_component>
      <object_component id="oc-1df">
         <name>.text:i2c_init</name>
         <load_address>0xc61c</load_address>
         <run_address>0xc61c</run_address>
         <size>0x2c</size>
         <input_file_ref idref="fl-6"/>
      </object_component>
      <object_component id="oc-b5">
         <name>.text</name>
         <load_address>0xc648</load_address>
         <run_address>0xc648</run_address>
         <size>0x2c</size>
         <input_file_ref idref="fl-3e"/>
      </object_component>
      <object_component id="oc-ed">
         <name>.text:USCIAB0RX_ISR</name>
         <load_address>0xc674</load_address>
         <run_address>0xc674</run_address>
         <size>0x2a</size>
         <input_file_ref idref="fl-6"/>
      </object_component>
      <object_component id="oc-381">
         <name>.text:trigger_door_to_close</name>
         <load_address>0xc69e</load_address>
         <run_address>0xc69e</run_address>
         <size>0x2a</size>
         <input_file_ref idref="fl-3"/>
      </object_component>
      <object_component id="oc-209">
         <name>.text:ProcessEvents</name>
         <load_address>0xc6c8</load_address>
         <run_address>0xc6c8</run_address>
         <size>0x26</size>
         <input_file_ref idref="fl-8"/>
      </object_component>
      <object_component id="oc-33c">
         <name>.text:wiegand_get_card_number</name>
         <load_address>0xc6ee</load_address>
         <run_address>0xc6ee</run_address>
         <size>0x26</size>
         <input_file_ref idref="fl-a"/>
      </object_component>
      <object_component id="oc-222">
         <name>.text:fsm</name>
         <load_address>0xc714</load_address>
         <run_address>0xc714</run_address>
         <size>0x24</size>
         <input_file_ref idref="fl-4"/>
      </object_component>
      <object_component id="oc-1cd">
         <name>.text:init_led</name>
         <load_address>0xc738</load_address>
         <run_address>0xc738</run_address>
         <size>0x22</size>
         <input_file_ref idref="fl-7"/>
      </object_component>
      <object_component id="oc-314">
         <name>.text:trigger_door_to_open</name>
         <load_address>0xc75a</load_address>
         <run_address>0xc75a</run_address>
         <size>0x20</size>
         <input_file_ref idref="fl-3"/>
      </object_component>
      <object_component id="oc-215">
         <name>.text:PullQueue</name>
         <load_address>0xc77a</load_address>
         <run_address>0xc77a</run_address>
         <size>0x1e</size>
         <input_file_ref idref="fl-2"/>
      </object_component>
      <object_component id="oc-3d0">
         <name>.text:do_nothing1</name>
         <load_address>0xc798</load_address>
         <run_address>0xc798</run_address>
         <size>0x1e</size>
         <input_file_ref idref="fl-5"/>
      </object_component>
      <object_component id="oc-164">
         <name>.text:TAOI_handler</name>
         <load_address>0xc7b6</load_address>
         <run_address>0xc7b6</run_address>
         <size>0x1c</size>
         <input_file_ref idref="fl-9"/>
      </object_component>
      <object_component id="oc-10b">
         <name>.text:_c_int00_noargs</name>
         <load_address>0xc7d2</load_address>
         <run_address>0xc7d2</run_address>
         <size>0x1c</size>
         <input_file_ref idref="fl-31"/>
      </object_component>
      <object_component id="oc-e7">
         <name>.text:USCIAB0TX_ISR</name>
         <load_address>0xc7ee</load_address>
         <run_address>0xc7ee</run_address>
         <size>0x1a</size>
         <input_file_ref idref="fl-6"/>
      </object_component>
      <object_component id="oc-329">
         <name>.text:blink_led</name>
         <load_address>0xc808</load_address>
         <run_address>0xc808</run_address>
         <size>0x16</size>
         <input_file_ref idref="fl-5"/>
      </object_component>
      <object_component id="oc-15d">
         <name>.text:i2c_eint</name>
         <load_address>0xc81e</load_address>
         <run_address>0xc81e</run_address>
         <size>0x16</size>
         <input_file_ref idref="fl-6"/>
      </object_component>
      <object_component id="oc-1e5">
         <name>.text:init_door</name>
         <load_address>0xc834</load_address>
         <run_address>0xc834</run_address>
         <size>0x16</size>
         <input_file_ref idref="fl-3"/>
      </object_component>
      <object_component id="oc-2ab">
         <name>.text</name>
         <load_address>0xc84a</load_address>
         <run_address>0xc84a</run_address>
         <size>0x16</size>
         <input_file_ref idref="fl-25"/>
      </object_component>
      <object_component id="oc-2b7">
         <name>.text:Timer_Get_Status</name>
         <load_address>0xc860</load_address>
         <run_address>0xc860</run_address>
         <size>0x14</size>
         <input_file_ref idref="fl-9"/>
      </object_component>
      <object_component id="oc-f9">
         <name>.text:decompress:ZI:__TI_zero_init_nomemset:__TI_zero_init_nomemset</name>
         <load_address>0xc874</load_address>
         <run_address>0xc874</run_address>
         <size>0x14</size>
         <input_file_ref idref="fl-33"/>
      </object_component>
      <object_component id="oc-1f1">
         <name>.text:QueueInit</name>
         <load_address>0xc888</load_address>
         <run_address>0xc888</run_address>
         <size>0x12</size>
         <input_file_ref idref="fl-2"/>
      </object_component>
      <object_component id="oc-395">
         <name>.text:Timer_Set_Delay</name>
         <load_address>0xc89a</load_address>
         <run_address>0xc89a</run_address>
         <size>0x12</size>
         <input_file_ref idref="fl-9"/>
      </object_component>
      <object_component id="oc-3a">
         <name>.text:decompress:none:__TI_decompress_none</name>
         <load_address>0xc8ac</load_address>
         <run_address>0xc8ac</run_address>
         <size>0x12</size>
         <input_file_ref idref="fl-38"/>
      </object_component>
      <object_component id="oc-1d9">
         <name>.text:init_timer</name>
         <load_address>0xc8be</load_address>
         <run_address>0xc8be</run_address>
         <size>0x12</size>
         <input_file_ref idref="fl-9"/>
      </object_component>
      <object_component id="oc-1b8">
         <name>.text:isr_door</name>
         <load_address>0xc8d0</load_address>
         <run_address>0xc8d0</run_address>
         <size>0x12</size>
         <input_file_ref idref="fl-3"/>
      </object_component>
      <object_component id="oc-cf">
         <name>.text:memcpy</name>
         <load_address>0xc8e2</load_address>
         <run_address>0xc8e2</run_address>
         <size>0x12</size>
         <input_file_ref idref="fl-3d"/>
      </object_component>
      <object_component id="oc-bf">
         <name>.text</name>
         <load_address>0xc8f4</load_address>
         <run_address>0xc8f4</run_address>
         <size>0x10</size>
         <input_file_ref idref="fl-26"/>
      </object_component>
      <object_component id="oc-1d3">
         <name>.text:init_wiegand</name>
         <load_address>0xc904</load_address>
         <run_address>0xc904</run_address>
         <size>0xe</size>
         <input_file_ref idref="fl-a"/>
      </object_component>
      <object_component id="oc-31a">
         <name>.text:turn_leds_off</name>
         <load_address>0xc912</load_address>
         <run_address>0xc912</run_address>
         <size>0xe</size>
         <input_file_ref idref="fl-5"/>
      </object_component>
      <object_component id="oc-2b1">
         <name>.text:wiegand_get_status</name>
         <load_address>0xc920</load_address>
         <run_address>0xc920</run_address>
         <size>0xc</size>
         <input_file_ref idref="fl-a"/>
      </object_component>
      <object_component id="oc-387">
         <name>.text:Extend_open_delay</name>
         <load_address>0xc92c</load_address>
         <run_address>0xc92c</run_address>
         <size>0xa</size>
         <input_file_ref idref="fl-3"/>
      </object_component>
      <object_component id="oc-1eb">
         <name>.text:led_off</name>
         <load_address>0xc936</load_address>
         <run_address>0xc936</run_address>
         <size>0xa</size>
         <input_file_ref idref="fl-7"/>
      </object_component>
      <object_component id="oc-3f5">
         <name>.text:led_on</name>
         <load_address>0xc940</load_address>
         <run_address>0xc940</run_address>
         <size>0xa</size>
         <input_file_ref idref="fl-7"/>
      </object_component>
      <object_component id="oc-3ca">
         <name>.text:restore_card_reader</name>
         <load_address>0xc94a</load_address>
         <run_address>0xc94a</run_address>
         <size>0xa</size>
         <input_file_ref idref="fl-5"/>
      </object_component>
      <object_component id="oc-dc">
         <name>.text:_isr:__TI_ISR_TRAP</name>
         <load_address>0xc954</load_address>
         <run_address>0xc954</run_address>
         <size>0x8</size>
         <input_file_ref idref="fl-30"/>
      </object_component>
      <object_component id="oc-1f7">
         <name>.text:set_init_state</name>
         <load_address>0xc95c</load_address>
         <run_address>0xc95c</run_address>
         <size>0x8</size>
         <input_file_ref idref="fl-5"/>
      </object_component>
      <object_component id="oc-283">
         <name>.text:CloseDoor</name>
         <load_address>0xc964</load_address>
         <run_address>0xc964</run_address>
         <size>0x6</size>
         <input_file_ref idref="fl-3"/>
      </object_component>
      <object_component id="oc-38f">
         <name>.text:OpenDoor</name>
         <load_address>0xc96a</load_address>
         <run_address>0xc96a</run_address>
         <size>0x6</size>
         <input_file_ref idref="fl-3"/>
      </object_component>
      <object_component id="oc-20f">
         <name>.text:QueueStatus</name>
         <load_address>0xc970</load_address>
         <run_address>0xc970</run_address>
         <size>0x6</size>
         <input_file_ref idref="fl-2"/>
      </object_component>
      <object_component id="oc-22f">
         <name>.text:abort</name>
         <load_address>0xc976</load_address>
         <run_address>0xc976</run_address>
         <size>0x6</size>
         <input_file_ref idref="fl-3a"/>
      </object_component>
      <object_component id="oc-3d4">
         <name>.text:disable_card_reader</name>
         <load_address>0xc97c</load_address>
         <run_address>0xc97c</run_address>
         <size>0x6</size>
         <input_file_ref idref="fl-a"/>
      </object_component>
      <object_component id="oc-1fd">
         <name>.text:enable_card_reader</name>
         <load_address>0xc982</load_address>
         <run_address>0xc982</run_address>
         <size>0x6</size>
         <input_file_ref idref="fl-a"/>
      </object_component>
      <object_component id="oc-21c">
         <name>.text:get_state</name>
         <load_address>0xc988</load_address>
         <run_address>0xc988</run_address>
         <size>0x6</size>
         <input_file_ref idref="fl-5"/>
      </object_component>
      <object_component id="oc-228">
         <name>.text:store_state</name>
         <load_address>0xc98e</load_address>
         <run_address>0xc98e</run_address>
         <size>0x6</size>
         <input_file_ref idref="fl-5"/>
      </object_component>
      <object_component id="oc-173">
         <name>.text:_system_pre_init</name>
         <load_address>0xc994</load_address>
         <run_address>0xc994</run_address>
         <size>0x4</size>
         <input_file_ref idref="fl-36"/>
      </object_component>
      <object_component id="oc-2e3">
         <name>.text:_system_post_cinit</name>
         <load_address>0xc998</load_address>
         <run_address>0xc998</run_address>
         <size>0x2</size>
         <input_file_ref idref="fl-37"/>
      </object_component>
      <object_component id="oc-446">
         <name>.cinit..data.load</name>
         <load_address>0xc99a</load_address>
         <run_address>0xc99a</run_address>
         <size>0x57</size>
      </object_component>
      <object_component id="oc-443">
         <name>__TI_handler_table</name>
         <load_address>0xc9f2</load_address>
         <run_address>0xc9f2</run_address>
         <size>0x6</size>
      </object_component>
      <object_component id="oc-445">
         <name>.cinit..bss.load</name>
         <load_address>0xc9f8</load_address>
         <run_address>0xc9f8</run_address>
         <size>0x4</size>
      </object_component>
      <object_component id="oc-444">
         <name>__TI_cinit_table</name>
         <load_address>0xc9fc</load_address>
         <run_address>0xc9fc</run_address>
         <size>0x8</size>
      </object_component>
      <object_component id="oc-405">
         <name>.binit</name>
         <load_address>0xc000</load_address>
         <run_address>0xc000</run_address>
         <size>0x0</size>
      </object_component>
      <object_component id="oc-40">
         <name>.int00</name>
         <load_address>0xffe0</load_address>
         <run_address>0xffe0</run_address>
         <size>0x2</size>
         <input_file_ref idref="fl-27"/>
      </object_component>
      <object_component id="oc-41">
         <name>.int02</name>
         <load_address>0xffe4</load_address>
         <run_address>0xffe4</run_address>
         <size>0x2</size>
         <input_file_ref idref="fl-a"/>
      </object_component>
      <object_component id="oc-42">
         <name>.int03</name>
         <load_address>0xffe6</load_address>
         <run_address>0xffe6</run_address>
         <size>0x2</size>
         <input_file_ref idref="fl-28"/>
      </object_component>
      <object_component id="oc-43">
         <name>.int05</name>
         <load_address>0xffea</load_address>
         <run_address>0xffea</run_address>
         <size>0x2</size>
         <input_file_ref idref="fl-29"/>
      </object_component>
      <object_component id="oc-44">
         <name>.int06</name>
         <load_address>0xffec</load_address>
         <run_address>0xffec</run_address>
         <size>0x2</size>
         <input_file_ref idref="fl-6"/>
      </object_component>
      <object_component id="oc-45">
         <name>.int07</name>
         <load_address>0xffee</load_address>
         <run_address>0xffee</run_address>
         <size>0x2</size>
         <input_file_ref idref="fl-6"/>
      </object_component>
      <object_component id="oc-46">
         <name>.int08</name>
         <load_address>0xfff0</load_address>
         <run_address>0xfff0</run_address>
         <size>0x2</size>
         <input_file_ref idref="fl-9"/>
      </object_component>
      <object_component id="oc-47">
         <name>.int09</name>
         <load_address>0xfff2</load_address>
         <run_address>0xfff2</run_address>
         <size>0x2</size>
         <input_file_ref idref="fl-2a"/>
      </object_component>
      <object_component id="oc-48">
         <name>.int10</name>
         <load_address>0xfff4</load_address>
         <run_address>0xfff4</run_address>
         <size>0x2</size>
         <input_file_ref idref="fl-2b"/>
      </object_component>
      <object_component id="oc-49">
         <name>.int11</name>
         <load_address>0xfff6</load_address>
         <run_address>0xfff6</run_address>
         <size>0x2</size>
         <input_file_ref idref="fl-2c"/>
      </object_component>
      <object_component id="oc-4a">
         <name>.int12</name>
         <load_address>0xfff8</load_address>
         <run_address>0xfff8</run_address>
         <size>0x2</size>
         <input_file_ref idref="fl-2d"/>
      </object_component>
      <object_component id="oc-4b">
         <name>.int13</name>
         <load_address>0xfffa</load_address>
         <run_address>0xfffa</run_address>
         <size>0x2</size>
         <input_file_ref idref="fl-2e"/>
      </object_component>
      <object_component id="oc-4c">
         <name>.int14</name>
         <load_address>0xfffc</load_address>
         <run_address>0xfffc</run_address>
         <size>0x2</size>
         <input_file_ref idref="fl-2f"/>
      </object_component>
      <object_component id="oc-b4">
         <name>.reset</name>
         <load_address>0xfffe</load_address>
         <run_address>0xfffe</run_address>
         <size>0x2</size>
         <input_file_ref idref="fl-31"/>
      </object_component>
      <object_component id="oc-304">
         <name>.debug_info</name>
         <load_address>0x0</load_address>
         <run_address>0x0</run_address>
         <size>0x1bb</size>
         <input_file_ref idref="fl-1"/>
      </object_component>
      <object_component id="oc-39e">
         <name>.debug_info</name>
         <load_address>0x1bb</load_address>
         <run_address>0x1bb</run_address>
         <size>0x1a4</size>
         <input_file_ref idref="fl-1"/>
      </object_component>
      <object_component id="oc-3ee">
         <name>.debug_info</name>
         <load_address>0x35f</load_address>
         <run_address>0x35f</run_address>
         <size>0x1a2</size>
         <input_file_ref idref="fl-1"/>
      </object_component>
      <object_component id="oc-270">
         <name>.debug_info</name>
         <load_address>0x501</load_address>
         <run_address>0x501</run_address>
         <size>0xae</size>
         <input_file_ref idref="fl-1"/>
      </object_component>
      <object_component id="oc-ca">
         <name>.debug_info</name>
         <load_address>0x5af</load_address>
         <run_address>0x5af</run_address>
         <size>0x84</size>
         <input_file_ref idref="fl-1"/>
      </object_component>
      <object_component id="oc-1a9">
         <name>.debug_info</name>
         <load_address>0x633</load_address>
         <run_address>0x633</run_address>
         <size>0x60</size>
         <input_file_ref idref="fl-1"/>
      </object_component>
      <object_component id="oc-30e">
         <name>.debug_info</name>
         <load_address>0x693</load_address>
         <run_address>0x693</run_address>
         <size>0x135</size>
         <input_file_ref idref="fl-2"/>
      </object_component>
      <object_component id="oc-29a">
         <name>.debug_info</name>
         <load_address>0x7c8</load_address>
         <run_address>0x7c8</run_address>
         <size>0xcb</size>
         <input_file_ref idref="fl-2"/>
      </object_component>
      <object_component id="oc-29d">
         <name>.debug_info</name>
         <load_address>0x893</load_address>
         <run_address>0x893</run_address>
         <size>0xf5</size>
         <input_file_ref idref="fl-2"/>
      </object_component>
      <object_component id="oc-210">
         <name>.debug_info</name>
         <load_address>0x988</load_address>
         <run_address>0x988</run_address>
         <size>0x108</size>
         <input_file_ref idref="fl-2"/>
      </object_component>
      <object_component id="oc-1f2">
         <name>.debug_info</name>
         <load_address>0xa90</load_address>
         <run_address>0xa90</run_address>
         <size>0x100</size>
         <input_file_ref idref="fl-2"/>
      </object_component>
      <object_component id="oc-2be">
         <name>.debug_info</name>
         <load_address>0xb90</load_address>
         <run_address>0xb90</run_address>
         <size>0x126</size>
         <input_file_ref idref="fl-2"/>
      </object_component>
      <object_component id="oc-216">
         <name>.debug_info</name>
         <load_address>0xcb6</load_address>
         <run_address>0xcb6</run_address>
         <size>0x104</size>
         <input_file_ref idref="fl-2"/>
      </object_component>
      <object_component id="oc-281">
         <name>.debug_info</name>
         <load_address>0xdba</load_address>
         <run_address>0xdba</run_address>
         <size>0xd1</size>
         <input_file_ref idref="fl-3"/>
      </object_component>
      <object_component id="oc-390">
         <name>.debug_info</name>
         <load_address>0xe8b</load_address>
         <run_address>0xe8b</run_address>
         <size>0xf8</size>
         <input_file_ref idref="fl-3"/>
      </object_component>
      <object_component id="oc-315">
         <name>.debug_info</name>
         <load_address>0xf83</load_address>
         <run_address>0xf83</run_address>
         <size>0x145</size>
         <input_file_ref idref="fl-3"/>
      </object_component>
      <object_component id="oc-382">
         <name>.debug_info</name>
         <load_address>0x10c8</load_address>
         <run_address>0x10c8</run_address>
         <size>0x16f</size>
         <input_file_ref idref="fl-3"/>
      </object_component>
      <object_component id="oc-284">
         <name>.debug_info</name>
         <load_address>0x1237</load_address>
         <run_address>0x1237</run_address>
         <size>0xfa</size>
         <input_file_ref idref="fl-3"/>
      </object_component>
      <object_component id="oc-1b9">
         <name>.debug_info</name>
         <load_address>0x1331</load_address>
         <run_address>0x1331</run_address>
         <size>0x108</size>
         <input_file_ref idref="fl-3"/>
      </object_component>
      <object_component id="oc-1e6">
         <name>.debug_info</name>
         <load_address>0x1439</load_address>
         <run_address>0x1439</run_address>
         <size>0xfa</size>
         <input_file_ref idref="fl-3"/>
      </object_component>
      <object_component id="oc-388">
         <name>.debug_info</name>
         <load_address>0x1533</load_address>
         <run_address>0x1533</run_address>
         <size>0x120</size>
         <input_file_ref idref="fl-3"/>
      </object_component>
      <object_component id="oc-2cf">
         <name>.debug_info</name>
         <load_address>0x1653</load_address>
         <run_address>0x1653</run_address>
         <size>0x12c</size>
         <input_file_ref idref="fl-4"/>
      </object_component>
      <object_component id="oc-223">
         <name>.debug_info</name>
         <load_address>0x177f</load_address>
         <run_address>0x177f</run_address>
         <size>0x186</size>
         <input_file_ref idref="fl-4"/>
      </object_component>
      <object_component id="oc-28c">
         <name>.debug_info</name>
         <load_address>0x1905</load_address>
         <run_address>0x1905</run_address>
         <size>0x83</size>
         <input_file_ref idref="fl-4"/>
      </object_component>
      <object_component id="oc-2cd">
         <name>.debug_info</name>
         <load_address>0x1988</load_address>
         <run_address>0x1988</run_address>
         <size>0x32f</size>
         <input_file_ref idref="fl-5"/>
      </object_component>
      <object_component id="oc-2a4">
         <name>.debug_info</name>
         <load_address>0x1cb7</load_address>
         <run_address>0x1cb7</run_address>
         <size>0xcf</size>
         <input_file_ref idref="fl-5"/>
      </object_component>
      <object_component id="oc-2a1">
         <name>.debug_info</name>
         <load_address>0x1d86</load_address>
         <run_address>0x1d86</run_address>
         <size>0xce</size>
         <input_file_ref idref="fl-5"/>
      </object_component>
      <object_component id="oc-312">
         <name>.debug_info</name>
         <load_address>0x1e54</load_address>
         <run_address>0x1e54</run_address>
         <size>0xde</size>
         <input_file_ref idref="fl-5"/>
      </object_component>
      <object_component id="oc-37f">
         <name>.debug_info</name>
         <load_address>0x1f32</load_address>
         <run_address>0x1f32</run_address>
         <size>0xde</size>
         <input_file_ref idref="fl-5"/>
      </object_component>
      <object_component id="oc-327">
         <name>.debug_info</name>
         <load_address>0x2010</load_address>
         <run_address>0x2010</run_address>
         <size>0xdc</size>
         <input_file_ref idref="fl-5"/>
      </object_component>
      <object_component id="oc-330">
         <name>.debug_info</name>
         <load_address>0x20ec</load_address>
         <run_address>0x20ec</run_address>
         <size>0xd6</size>
         <input_file_ref idref="fl-5"/>
      </object_component>
      <object_component id="oc-31b">
         <name>.debug_info</name>
         <load_address>0x21c2</load_address>
         <run_address>0x21c2</run_address>
         <size>0x12c</size>
         <input_file_ref idref="fl-5"/>
      </object_component>
      <object_component id="oc-229">
         <name>.debug_info</name>
         <load_address>0x22ee</load_address>
         <run_address>0x22ee</run_address>
         <size>0x148</size>
         <input_file_ref idref="fl-5"/>
      </object_component>
      <object_component id="oc-1f8">
         <name>.debug_info</name>
         <load_address>0x2436</load_address>
         <run_address>0x2436</run_address>
         <size>0x110</size>
         <input_file_ref idref="fl-5"/>
      </object_component>
      <object_component id="oc-3b7">
         <name>.debug_info</name>
         <load_address>0x2546</load_address>
         <run_address>0x2546</run_address>
         <size>0x1b6</size>
         <input_file_ref idref="fl-5"/>
      </object_component>
      <object_component id="oc-343">
         <name>.debug_info</name>
         <load_address>0x26fc</load_address>
         <run_address>0x26fc</run_address>
         <size>0x1ad</size>
         <input_file_ref idref="fl-5"/>
      </object_component>
      <object_component id="oc-3cb">
         <name>.debug_info</name>
         <load_address>0x28a9</load_address>
         <run_address>0x28a9</run_address>
         <size>0x149</size>
         <input_file_ref idref="fl-5"/>
      </object_component>
      <object_component id="oc-21d">
         <name>.debug_info</name>
         <load_address>0x29f2</load_address>
         <run_address>0x29f2</run_address>
         <size>0x10a</size>
         <input_file_ref idref="fl-5"/>
      </object_component>
      <object_component id="oc-321">
         <name>.debug_info</name>
         <load_address>0x2afc</load_address>
         <run_address>0x2afc</run_address>
         <size>0x152</size>
         <input_file_ref idref="fl-5"/>
      </object_component>
      <object_component id="oc-3e6">
         <name>.debug_info</name>
         <load_address>0x2c4e</load_address>
         <run_address>0x2c4e</run_address>
         <size>0x1a9</size>
         <input_file_ref idref="fl-5"/>
      </object_component>
      <object_component id="oc-3a5">
         <name>.debug_info</name>
         <load_address>0x2df7</load_address>
         <run_address>0x2df7</run_address>
         <size>0x1af</size>
         <input_file_ref idref="fl-5"/>
      </object_component>
      <object_component id="oc-2a6">
         <name>.debug_info</name>
         <load_address>0x2fa6</load_address>
         <run_address>0x2fa6</run_address>
         <size>0x136</size>
         <input_file_ref idref="fl-5"/>
      </object_component>
      <object_component id="oc-32a">
         <name>.debug_info</name>
         <load_address>0x30dc</load_address>
         <run_address>0x30dc</run_address>
         <size>0x12b</size>
         <input_file_ref idref="fl-5"/>
      </object_component>
      <object_component id="oc-3ae">
         <name>.debug_info</name>
         <load_address>0x3207</load_address>
         <run_address>0x3207</run_address>
         <size>0x1c1</size>
         <input_file_ref idref="fl-5"/>
      </object_component>
      <object_component id="oc-2c4">
         <name>.debug_info</name>
         <load_address>0x33c8</load_address>
         <run_address>0x33c8</run_address>
         <size>0x185</size>
         <input_file_ref idref="fl-5"/>
      </object_component>
      <object_component id="oc-3fd">
         <name>.debug_info</name>
         <load_address>0x354d</load_address>
         <run_address>0x354d</run_address>
         <size>0x2cb</size>
         <input_file_ref idref="fl-6"/>
      </object_component>
      <object_component id="oc-1a3">
         <name>.debug_info</name>
         <load_address>0x3818</load_address>
         <run_address>0x3818</run_address>
         <size>0xcd</size>
         <input_file_ref idref="fl-6"/>
      </object_component>
      <object_component id="oc-1a6">
         <name>.debug_info</name>
         <load_address>0x38e5</load_address>
         <run_address>0x38e5</run_address>
         <size>0xe0</size>
         <input_file_ref idref="fl-6"/>
      </object_component>
      <object_component id="oc-3df">
         <name>.debug_info</name>
         <load_address>0x39c5</load_address>
         <run_address>0x39c5</run_address>
         <size>0x1ae</size>
         <input_file_ref idref="fl-6"/>
      </object_component>
      <object_component id="oc-1e0">
         <name>.debug_info</name>
         <load_address>0x3b73</load_address>
         <run_address>0x3b73</run_address>
         <size>0xf5</size>
         <input_file_ref idref="fl-6"/>
      </object_component>
      <object_component id="oc-157">
         <name>.debug_info</name>
         <load_address>0x3c68</load_address>
         <run_address>0x3c68</run_address>
         <size>0xf6</size>
         <input_file_ref idref="fl-6"/>
      </object_component>
      <object_component id="oc-e8">
         <name>.debug_info</name>
         <load_address>0x3d5e</load_address>
         <run_address>0x3d5e</run_address>
         <size>0x10e</size>
         <input_file_ref idref="fl-6"/>
      </object_component>
      <object_component id="oc-15e">
         <name>.debug_info</name>
         <load_address>0x3e6c</load_address>
         <run_address>0x3e6c</run_address>
         <size>0xf8</size>
         <input_file_ref idref="fl-6"/>
      </object_component>
      <object_component id="oc-ee">
         <name>.debug_info</name>
         <load_address>0x3f64</load_address>
         <run_address>0x3f64</run_address>
         <size>0x10f</size>
         <input_file_ref idref="fl-6"/>
      </object_component>
      <object_component id="oc-27a">
         <name>.debug_info</name>
         <load_address>0x4073</load_address>
         <run_address>0x4073</run_address>
         <size>0x116</size>
         <input_file_ref idref="fl-7"/>
      </object_component>
      <object_component id="oc-27d">
         <name>.debug_info</name>
         <load_address>0x4189</load_address>
         <run_address>0x4189</run_address>
         <size>0x120</size>
         <input_file_ref idref="fl-7"/>
      </object_component>
      <object_component id="oc-3f6">
         <name>.debug_info</name>
         <load_address>0x42a9</load_address>
         <run_address>0x42a9</run_address>
         <size>0x123</size>
         <input_file_ref idref="fl-7"/>
      </object_component>
      <object_component id="oc-1ec">
         <name>.debug_info</name>
         <load_address>0x43cc</load_address>
         <run_address>0x43cc</run_address>
         <size>0x125</size>
         <input_file_ref idref="fl-7"/>
      </object_component>
      <object_component id="oc-1b3">
         <name>.debug_info</name>
         <load_address>0x44f1</load_address>
         <run_address>0x44f1</run_address>
         <size>0xf3</size>
         <input_file_ref idref="fl-7"/>
      </object_component>
      <object_component id="oc-1ce">
         <name>.debug_info</name>
         <load_address>0x45e4</load_address>
         <run_address>0x45e4</run_address>
         <size>0xf5</size>
         <input_file_ref idref="fl-7"/>
      </object_component>
      <object_component id="oc-204">
         <name>.debug_info</name>
         <load_address>0x46d9</load_address>
         <run_address>0x46d9</run_address>
         <size>0x195</size>
         <input_file_ref idref="fl-7"/>
      </object_component>
      <object_component id="oc-1c3">
         <name>.debug_info</name>
         <load_address>0x486e</load_address>
         <run_address>0x486e</run_address>
         <size>0x6ac</size>
         <input_file_ref idref="fl-8"/>
      </object_component>
      <object_component id="oc-1c9">
         <name>.debug_info</name>
         <load_address>0x4f1a</load_address>
         <run_address>0x4f1a</run_address>
         <size>0xca</size>
         <input_file_ref idref="fl-8"/>
      </object_component>
      <object_component id="oc-20a">
         <name>.debug_info</name>
         <load_address>0x4fe4</load_address>
         <run_address>0x4fe4</run_address>
         <size>0x175</size>
         <input_file_ref idref="fl-8"/>
      </object_component>
      <object_component id="oc-17a">
         <name>.debug_info</name>
         <load_address>0x5159</load_address>
         <run_address>0x5159</run_address>
         <size>0x20c</size>
         <input_file_ref idref="fl-8"/>
      </object_component>
      <object_component id="oc-1b0">
         <name>.debug_info</name>
         <load_address>0x5365</load_address>
         <run_address>0x5365</run_address>
         <size>0xf0</size>
         <input_file_ref idref="fl-9"/>
      </object_component>
      <object_component id="oc-165">
         <name>.debug_info</name>
         <load_address>0x5455</load_address>
         <run_address>0x5455</run_address>
         <size>0x120</size>
         <input_file_ref idref="fl-9"/>
      </object_component>
      <object_component id="oc-f4">
         <name>.debug_info</name>
         <load_address>0x5575</load_address>
         <run_address>0x5575</run_address>
         <size>0x124</size>
         <input_file_ref idref="fl-9"/>
      </object_component>
      <object_component id="oc-1da">
         <name>.debug_info</name>
         <load_address>0x5699</load_address>
         <run_address>0x5699</run_address>
         <size>0xff</size>
         <input_file_ref idref="fl-9"/>
      </object_component>
      <object_component id="oc-396">
         <name>.debug_info</name>
         <load_address>0x5798</load_address>
         <run_address>0x5798</run_address>
         <size>0x12c</size>
         <input_file_ref idref="fl-9"/>
      </object_component>
      <object_component id="oc-2b8">
         <name>.debug_info</name>
         <load_address>0x58c4</load_address>
         <run_address>0x58c4</run_address>
         <size>0x10f</size>
         <input_file_ref idref="fl-9"/>
      </object_component>
      <object_component id="oc-153">
         <name>.debug_info</name>
         <load_address>0x59d3</load_address>
         <run_address>0x59d3</run_address>
         <size>0x12a</size>
         <input_file_ref idref="fl-a"/>
      </object_component>
      <object_component id="oc-150">
         <name>.debug_info</name>
         <load_address>0x5afd</load_address>
         <run_address>0x5afd</run_address>
         <size>0xd8</size>
         <input_file_ref idref="fl-a"/>
      </object_component>
      <object_component id="oc-2b2">
         <name>.debug_info</name>
         <load_address>0x5bd5</load_address>
         <run_address>0x5bd5</run_address>
         <size>0x119</size>
         <input_file_ref idref="fl-a"/>
      </object_component>
      <object_component id="oc-33d">
         <name>.debug_info</name>
         <load_address>0x5cee</load_address>
         <run_address>0x5cee</run_address>
         <size>0x123</size>
         <input_file_ref idref="fl-a"/>
      </object_component>
      <object_component id="oc-e2">
         <name>.debug_info</name>
         <load_address>0x5e11</load_address>
         <run_address>0x5e11</run_address>
         <size>0x108</size>
         <input_file_ref idref="fl-a"/>
      </object_component>
      <object_component id="oc-1d4">
         <name>.debug_info</name>
         <load_address>0x5f19</load_address>
         <run_address>0x5f19</run_address>
         <size>0x109</size>
         <input_file_ref idref="fl-a"/>
      </object_component>
      <object_component id="oc-1fe">
         <name>.debug_info</name>
         <load_address>0x6022</load_address>
         <run_address>0x6022</run_address>
         <size>0x115</size>
         <input_file_ref idref="fl-a"/>
      </object_component>
      <object_component id="oc-3d5">
         <name>.debug_info</name>
         <load_address>0x6137</load_address>
         <run_address>0x6137</run_address>
         <size>0x117</size>
         <input_file_ref idref="fl-a"/>
      </object_component>
      <object_component id="oc-2ac">
         <name>.debug_info</name>
         <load_address>0x624e</load_address>
         <run_address>0x624e</run_address>
         <size>0x119</size>
         <input_file_ref idref="fl-25"/>
      </object_component>
      <object_component id="oc-c0">
         <name>.debug_info</name>
         <load_address>0x6367</load_address>
         <run_address>0x6367</run_address>
         <size>0x126</size>
         <input_file_ref idref="fl-26"/>
      </object_component>
      <object_component id="oc-dd">
         <name>.debug_info</name>
         <load_address>0x648d</load_address>
         <run_address>0x648d</run_address>
         <size>0x107</size>
         <input_file_ref idref="fl-30"/>
      </object_component>
      <object_component id="oc-b2">
         <name>.debug_info</name>
         <load_address>0x6594</load_address>
         <run_address>0x6594</run_address>
         <size>0xf5</size>
         <input_file_ref idref="fl-31"/>
      </object_component>
      <object_component id="oc-10c">
         <name>.debug_info</name>
         <load_address>0x6689</load_address>
         <run_address>0x6689</run_address>
         <size>0x16f</size>
         <input_file_ref idref="fl-31"/>
      </object_component>
      <object_component id="oc-2ea">
         <name>.debug_info</name>
         <load_address>0x67f8</load_address>
         <run_address>0x67f8</run_address>
         <size>0x472</size>
         <input_file_ref idref="fl-32"/>
      </object_component>
      <object_component id="oc-23c">
         <name>.debug_info</name>
         <load_address>0x6c6a</load_address>
         <run_address>0x6c6a</run_address>
         <size>0x1d5</size>
         <input_file_ref idref="fl-32"/>
      </object_component>
      <object_component id="oc-364">
         <name>.debug_info</name>
         <load_address>0x6e3f</load_address>
         <run_address>0x6e3f</run_address>
         <size>0x39</size>
         <input_file_ref idref="fl-32"/>
      </object_component>
      <object_component id="oc-375">
         <name>.debug_info</name>
         <load_address>0x6e78</load_address>
         <run_address>0x6e78</run_address>
         <size>0x2c</size>
         <input_file_ref idref="fl-32"/>
      </object_component>
      <object_component id="oc-2f5">
         <name>.debug_info</name>
         <load_address>0x6ea4</load_address>
         <run_address>0x6ea4</run_address>
         <size>0x2c</size>
         <input_file_ref idref="fl-32"/>
      </object_component>
      <object_component id="oc-369">
         <name>.debug_info</name>
         <load_address>0x6ed0</load_address>
         <run_address>0x6ed0</run_address>
         <size>0xcd</size>
         <input_file_ref idref="fl-32"/>
      </object_component>
      <object_component id="oc-171">
         <name>.debug_info</name>
         <load_address>0x6f9d</load_address>
         <run_address>0x6f9d</run_address>
         <size>0x1b4</size>
         <input_file_ref idref="fl-33"/>
      </object_component>
      <object_component id="oc-fa">
         <name>.debug_info</name>
         <load_address>0x7151</load_address>
         <run_address>0x7151</run_address>
         <size>0x1c7</size>
         <input_file_ref idref="fl-33"/>
      </object_component>
      <object_component id="oc-16c">
         <name>.debug_info</name>
         <load_address>0x7318</load_address>
         <run_address>0x7318</run_address>
         <size>0x46</size>
         <input_file_ref idref="fl-33"/>
      </object_component>
      <object_component id="oc-142">
         <name>.debug_info</name>
         <load_address>0x735e</load_address>
         <run_address>0x735e</run_address>
         <size>0x2c</size>
         <input_file_ref idref="fl-33"/>
      </object_component>
      <object_component id="oc-174">
         <name>.debug_info</name>
         <load_address>0x738a</load_address>
         <run_address>0x738a</run_address>
         <size>0x148</size>
         <input_file_ref idref="fl-36"/>
      </object_component>
      <object_component id="oc-2e4">
         <name>.debug_info</name>
         <load_address>0x74d2</load_address>
         <run_address>0x74d2</run_address>
         <size>0x145</size>
         <input_file_ref idref="fl-37"/>
      </object_component>
      <object_component id="oc-db">
         <name>.debug_info</name>
         <load_address>0x7617</load_address>
         <run_address>0x7617</run_address>
         <size>0x175</size>
         <input_file_ref idref="fl-38"/>
      </object_component>
      <object_component id="oc-3b">
         <name>.debug_info</name>
         <load_address>0x778c</load_address>
         <run_address>0x778c</run_address>
         <size>0x1df</size>
         <input_file_ref idref="fl-38"/>
      </object_component>
      <object_component id="oc-d6">
         <name>.debug_info</name>
         <load_address>0x796b</load_address>
         <run_address>0x796b</run_address>
         <size>0x46</size>
         <input_file_ref idref="fl-38"/>
      </object_component>
      <object_component id="oc-147">
         <name>.debug_info</name>
         <load_address>0x79b1</load_address>
         <run_address>0x79b1</run_address>
         <size>0x2c</size>
         <input_file_ref idref="fl-38"/>
      </object_component>
      <object_component id="oc-13f">
         <name>.debug_info</name>
         <load_address>0x79dd</load_address>
         <run_address>0x79dd</run_address>
         <size>0x16b</size>
         <input_file_ref idref="fl-39"/>
      </object_component>
      <object_component id="oc-35">
         <name>.debug_info</name>
         <load_address>0x7b48</load_address>
         <run_address>0x7b48</run_address>
         <size>0x287</size>
         <input_file_ref idref="fl-39"/>
      </object_component>
      <object_component id="oc-c5">
         <name>.debug_info</name>
         <load_address>0x7dcf</load_address>
         <run_address>0x7dcf</run_address>
         <size>0x60</size>
         <input_file_ref idref="fl-39"/>
      </object_component>
      <object_component id="oc-195">
         <name>.debug_info</name>
         <load_address>0x7e2f</load_address>
         <run_address>0x7e2f</run_address>
         <size>0x46</size>
         <input_file_ref idref="fl-39"/>
      </object_component>
      <object_component id="oc-13a">
         <name>.debug_info</name>
         <load_address>0x7e75</load_address>
         <run_address>0x7e75</run_address>
         <size>0x39</size>
         <input_file_ref idref="fl-39"/>
      </object_component>
      <object_component id="oc-230">
         <name>.debug_info</name>
         <load_address>0x7eae</load_address>
         <run_address>0x7eae</run_address>
         <size>0x117</size>
         <input_file_ref idref="fl-3a"/>
      </object_component>
      <object_component id="oc-141">
         <name>.debug_info</name>
         <load_address>0x7fc5</load_address>
         <run_address>0x7fc5</run_address>
         <size>0x176</size>
         <input_file_ref idref="fl-3d"/>
      </object_component>
      <object_component id="oc-d0">
         <name>.debug_info</name>
         <load_address>0x813b</load_address>
         <run_address>0x813b</run_address>
         <size>0x16f</size>
         <input_file_ref idref="fl-3d"/>
      </object_component>
      <object_component id="oc-b7">
         <name>.debug_info</name>
         <load_address>0x82aa</load_address>
         <run_address>0x82aa</run_address>
         <size>0x118</size>
         <input_file_ref idref="fl-3e"/>
      </object_component>
      <object_component id="oc-bb">
         <name>.debug_info</name>
         <load_address>0x83c2</load_address>
         <run_address>0x83c2</run_address>
         <size>0x118</size>
         <input_file_ref idref="fl-3f"/>
      </object_component>
      <object_component id="oc-448">
         <name>.debug_info</name>
         <load_address>0x84da</load_address>
         <run_address>0x84da</run_address>
         <size>0xa0</size>
      </object_component>
      <object_component id="oc-37b">
         <name>.debug_line</name>
         <load_address>0x0</load_address>
         <run_address>0x0</run_address>
         <size>0x3a</size>
         <input_file_ref idref="fl-1"/>
      </object_component>
      <object_component id="oc-3a1">
         <name>.debug_line</name>
         <load_address>0x3a</load_address>
         <run_address>0x3a</run_address>
         <size>0x48</size>
         <input_file_ref idref="fl-1"/>
      </object_component>
      <object_component id="oc-3f1">
         <name>.debug_line</name>
         <load_address>0x82</load_address>
         <run_address>0x82</run_address>
         <size>0x48</size>
         <input_file_ref idref="fl-1"/>
      </object_component>
      <object_component id="oc-273">
         <name>.debug_line</name>
         <load_address>0xca</load_address>
         <run_address>0xca</run_address>
         <size>0x2c</size>
         <input_file_ref idref="fl-1"/>
      </object_component>
      <object_component id="oc-cd">
         <name>.debug_line</name>
         <load_address>0xf6</load_address>
         <run_address>0xf6</run_address>
         <size>0x20</size>
         <input_file_ref idref="fl-1"/>
      </object_component>
      <object_component id="oc-1ac">
         <name>.debug_line</name>
         <load_address>0x116</load_address>
         <run_address>0x116</run_address>
         <size>0x31</size>
         <input_file_ref idref="fl-1"/>
      </object_component>
      <object_component id="oc-37d">
         <name>.debug_line</name>
         <load_address>0x147</load_address>
         <run_address>0x147</run_address>
         <size>0x20</size>
         <input_file_ref idref="fl-2"/>
      </object_component>
      <object_component id="oc-30d">
         <name>.debug_line</name>
         <load_address>0x167</load_address>
         <run_address>0x167</run_address>
         <size>0x2f</size>
         <input_file_ref idref="fl-2"/>
      </object_component>
      <object_component id="oc-310">
         <name>.debug_line</name>
         <load_address>0x196</load_address>
         <run_address>0x196</run_address>
         <size>0x2f</size>
         <input_file_ref idref="fl-2"/>
      </object_component>
      <object_component id="oc-213">
         <name>.debug_line</name>
         <load_address>0x1c5</load_address>
         <run_address>0x1c5</run_address>
         <size>0x42</size>
         <input_file_ref idref="fl-2"/>
      </object_component>
      <object_component id="oc-1f5">
         <name>.debug_line</name>
         <load_address>0x207</load_address>
         <run_address>0x207</run_address>
         <size>0x44</size>
         <input_file_ref idref="fl-2"/>
      </object_component>
      <object_component id="oc-2c1">
         <name>.debug_line</name>
         <load_address>0x24b</load_address>
         <run_address>0x24b</run_address>
         <size>0x53</size>
         <input_file_ref idref="fl-2"/>
      </object_component>
      <object_component id="oc-219">
         <name>.debug_line</name>
         <load_address>0x29e</load_address>
         <run_address>0x29e</run_address>
         <size>0x4d</size>
         <input_file_ref idref="fl-2"/>
      </object_component>
      <object_component id="oc-30a">
         <name>.debug_line</name>
         <load_address>0x2eb</load_address>
         <run_address>0x2eb</run_address>
         <size>0x2d</size>
         <input_file_ref idref="fl-3"/>
      </object_component>
      <object_component id="oc-393">
         <name>.debug_line</name>
         <load_address>0x318</load_address>
         <run_address>0x318</run_address>
         <size>0x40</size>
         <input_file_ref idref="fl-3"/>
      </object_component>
      <object_component id="oc-318">
         <name>.debug_line</name>
         <load_address>0x358</load_address>
         <run_address>0x358</run_address>
         <size>0x45</size>
         <input_file_ref idref="fl-3"/>
      </object_component>
      <object_component id="oc-385">
         <name>.debug_line</name>
         <load_address>0x39d</load_address>
         <run_address>0x39d</run_address>
         <size>0x48</size>
         <input_file_ref idref="fl-3"/>
      </object_component>
      <object_component id="oc-287">
         <name>.debug_line</name>
         <load_address>0x3e5</load_address>
         <run_address>0x3e5</run_address>
         <size>0x40</size>
         <input_file_ref idref="fl-3"/>
      </object_component>
      <object_component id="oc-1bc">
         <name>.debug_line</name>
         <load_address>0x425</load_address>
         <run_address>0x425</run_address>
         <size>0x46</size>
         <input_file_ref idref="fl-3"/>
      </object_component>
      <object_component id="oc-1e9">
         <name>.debug_line</name>
         <load_address>0x46b</load_address>
         <run_address>0x46b</run_address>
         <size>0x43</size>
         <input_file_ref idref="fl-3"/>
      </object_component>
      <object_component id="oc-38b">
         <name>.debug_line</name>
         <load_address>0x4ae</load_address>
         <run_address>0x4ae</run_address>
         <size>0x43</size>
         <input_file_ref idref="fl-3"/>
      </object_component>
      <object_component id="oc-34c">
         <name>.debug_line</name>
         <load_address>0x4f1</load_address>
         <run_address>0x4f1</run_address>
         <size>0x20</size>
         <input_file_ref idref="fl-4"/>
      </object_component>
      <object_component id="oc-226">
         <name>.debug_line</name>
         <load_address>0x511</load_address>
         <run_address>0x511</run_address>
         <size>0x4a</size>
         <input_file_ref idref="fl-4"/>
      </object_component>
      <object_component id="oc-28f">
         <name>.debug_line</name>
         <load_address>0x55b</load_address>
         <run_address>0x55b</run_address>
         <size>0x2c</size>
         <input_file_ref idref="fl-4"/>
      </object_component>
      <object_component id="oc-34a">
         <name>.debug_line</name>
         <load_address>0x587</load_address>
         <run_address>0x587</run_address>
         <size>0x66</size>
         <input_file_ref idref="fl-5"/>
      </object_component>
      <object_component id="oc-335">
         <name>.debug_line</name>
         <load_address>0x5ed</load_address>
         <run_address>0x5ed</run_address>
         <size>0x31</size>
         <input_file_ref idref="fl-5"/>
      </object_component>
      <object_component id="oc-333">
         <name>.debug_line</name>
         <load_address>0x61e</load_address>
         <run_address>0x61e</run_address>
         <size>0x31</size>
         <input_file_ref idref="fl-5"/>
      </object_component>
      <object_component id="oc-38e">
         <name>.debug_line</name>
         <load_address>0x64f</load_address>
         <run_address>0x64f</run_address>
         <size>0x31</size>
         <input_file_ref idref="fl-5"/>
      </object_component>
      <object_component id="oc-3d3">
         <name>.debug_line</name>
         <load_address>0x680</load_address>
         <run_address>0x680</run_address>
         <size>0x31</size>
         <input_file_ref idref="fl-5"/>
      </object_component>
      <object_component id="oc-3ab">
         <name>.debug_line</name>
         <load_address>0x6b1</load_address>
         <run_address>0x6b1</run_address>
         <size>0x31</size>
         <input_file_ref idref="fl-5"/>
      </object_component>
      <object_component id="oc-3b4">
         <name>.debug_line</name>
         <load_address>0x6e2</load_address>
         <run_address>0x6e2</run_address>
         <size>0x31</size>
         <input_file_ref idref="fl-5"/>
      </object_component>
      <object_component id="oc-31e">
         <name>.debug_line</name>
         <load_address>0x713</load_address>
         <run_address>0x713</run_address>
         <size>0x48</size>
         <input_file_ref idref="fl-5"/>
      </object_component>
      <object_component id="oc-22c">
         <name>.debug_line</name>
         <load_address>0x75b</load_address>
         <run_address>0x75b</run_address>
         <size>0x47</size>
         <input_file_ref idref="fl-5"/>
      </object_component>
      <object_component id="oc-1fb">
         <name>.debug_line</name>
         <load_address>0x7a2</load_address>
         <run_address>0x7a2</run_address>
         <size>0x47</size>
         <input_file_ref idref="fl-5"/>
      </object_component>
      <object_component id="oc-3ba">
         <name>.debug_line</name>
         <load_address>0x7e9</load_address>
         <run_address>0x7e9</run_address>
         <size>0x4a</size>
         <input_file_ref idref="fl-5"/>
      </object_component>
      <object_component id="oc-346">
         <name>.debug_line</name>
         <load_address>0x833</load_address>
         <run_address>0x833</run_address>
         <size>0x55</size>
         <input_file_ref idref="fl-5"/>
      </object_component>
      <object_component id="oc-3ce">
         <name>.debug_line</name>
         <load_address>0x888</load_address>
         <run_address>0x888</run_address>
         <size>0x48</size>
         <input_file_ref idref="fl-5"/>
      </object_component>
      <object_component id="oc-220">
         <name>.debug_line</name>
         <load_address>0x8d0</load_address>
         <run_address>0x8d0</run_address>
         <size>0x47</size>
         <input_file_ref idref="fl-5"/>
      </object_component>
      <object_component id="oc-324">
         <name>.debug_line</name>
         <load_address>0x917</load_address>
         <run_address>0x917</run_address>
         <size>0x54</size>
         <input_file_ref idref="fl-5"/>
      </object_component>
      <object_component id="oc-3e9">
         <name>.debug_line</name>
         <load_address>0x96b</load_address>
         <run_address>0x96b</run_address>
         <size>0x4a</size>
         <input_file_ref idref="fl-5"/>
      </object_component>
      <object_component id="oc-3a8">
         <name>.debug_line</name>
         <load_address>0x9b5</load_address>
         <run_address>0x9b5</run_address>
         <size>0x51</size>
         <input_file_ref idref="fl-5"/>
      </object_component>
      <object_component id="oc-337">
         <name>.debug_line</name>
         <load_address>0xa06</load_address>
         <run_address>0xa06</run_address>
         <size>0x53</size>
         <input_file_ref idref="fl-5"/>
      </object_component>
      <object_component id="oc-32d">
         <name>.debug_line</name>
         <load_address>0xa59</load_address>
         <run_address>0xa59</run_address>
         <size>0x48</size>
         <input_file_ref idref="fl-5"/>
      </object_component>
      <object_component id="oc-3b1">
         <name>.debug_line</name>
         <load_address>0xaa1</load_address>
         <run_address>0xaa1</run_address>
         <size>0x58</size>
         <input_file_ref idref="fl-5"/>
      </object_component>
      <object_component id="oc-2c7">
         <name>.debug_line</name>
         <load_address>0xaf9</load_address>
         <run_address>0xaf9</run_address>
         <size>0x55</size>
         <input_file_ref idref="fl-5"/>
      </object_component>
      <object_component id="oc-403">
         <name>.debug_line</name>
         <load_address>0xb4e</load_address>
         <run_address>0xb4e</run_address>
         <size>0x6b</size>
         <input_file_ref idref="fl-6"/>
      </object_component>
      <object_component id="oc-26f">
         <name>.debug_line</name>
         <load_address>0xbb9</load_address>
         <run_address>0xbb9</run_address>
         <size>0x2c</size>
         <input_file_ref idref="fl-6"/>
      </object_component>
      <object_component id="oc-276">
         <name>.debug_line</name>
         <load_address>0xbe5</load_address>
         <run_address>0xbe5</run_address>
         <size>0x2c</size>
         <input_file_ref idref="fl-6"/>
      </object_component>
      <object_component id="oc-3e2">
         <name>.debug_line</name>
         <load_address>0xc11</load_address>
         <run_address>0xc11</run_address>
         <size>0x4b</size>
         <input_file_ref idref="fl-6"/>
      </object_component>
      <object_component id="oc-1e3">
         <name>.debug_line</name>
         <load_address>0xc5c</load_address>
         <run_address>0xc5c</run_address>
         <size>0x46</size>
         <input_file_ref idref="fl-6"/>
      </object_component>
      <object_component id="oc-15a">
         <name>.debug_line</name>
         <load_address>0xca2</load_address>
         <run_address>0xca2</run_address>
         <size>0xd8</size>
         <input_file_ref idref="fl-6"/>
      </object_component>
      <object_component id="oc-eb">
         <name>.debug_line</name>
         <load_address>0xd7a</load_address>
         <run_address>0xd7a</run_address>
         <size>0x42</size>
         <input_file_ref idref="fl-6"/>
      </object_component>
      <object_component id="oc-161">
         <name>.debug_line</name>
         <load_address>0xdbc</load_address>
         <run_address>0xdbc</run_address>
         <size>0x4a</size>
         <input_file_ref idref="fl-6"/>
      </object_component>
      <object_component id="oc-f1">
         <name>.debug_line</name>
         <load_address>0xe06</load_address>
         <run_address>0xe06</run_address>
         <size>0x48</size>
         <input_file_ref idref="fl-6"/>
      </object_component>
      <object_component id="oc-306">
         <name>.debug_line</name>
         <load_address>0xe4e</load_address>
         <run_address>0xe4e</run_address>
         <size>0x2c</size>
         <input_file_ref idref="fl-7"/>
      </object_component>
      <object_component id="oc-308">
         <name>.debug_line</name>
         <load_address>0xe7a</load_address>
         <run_address>0xe7a</run_address>
         <size>0x2c</size>
         <input_file_ref idref="fl-7"/>
      </object_component>
      <object_component id="oc-3f9">
         <name>.debug_line</name>
         <load_address>0xea6</load_address>
         <run_address>0xea6</run_address>
         <size>0x40</size>
         <input_file_ref idref="fl-7"/>
      </object_component>
      <object_component id="oc-1ef">
         <name>.debug_line</name>
         <load_address>0xee6</load_address>
         <run_address>0xee6</run_address>
         <size>0x40</size>
         <input_file_ref idref="fl-7"/>
      </object_component>
      <object_component id="oc-1b6">
         <name>.debug_line</name>
         <load_address>0xf26</load_address>
         <run_address>0xf26</run_address>
         <size>0x55</size>
         <input_file_ref idref="fl-7"/>
      </object_component>
      <object_component id="oc-1d1">
         <name>.debug_line</name>
[...]
      <symbol id="sm-69">
         <name>__c_args__</name>
         <value>0xffffffff</value>
      </symbol>
      <symbol id="sm-6a">
         <name>__TI_pprof_out_hndl</name>
         <value>0xffffffff</value>
      </symbol>
      <symbol id="sm-6b">
         <name>__TI_prof_data_start</name>
         <value>0xffffffff</value>
      </symbol>
      <symbol id="sm-6c">
         <name>__TI_prof_data_size</name>
         <value>0xffffffff</value>
      </symbol>
      <symbol id="sm-bf">
         <name>WriteEE</name>
         <value>0xc592</value>
         <object_component_ref idref="oc-39d"/>
      </symbol>
      <symbol id="sm-c0">
         <name>ReadEE</name>
         <value>0xc562</value>
         <object_component_ref idref="oc-3ed"/>
      </symbol>
      <symbol id="sm-f3">
         <name>PullQueue</name>
         <value>0xc77a</value>
         <object_component_ref idref="oc-215"/>
      </symbol>
      <symbol id="sm-f4">
         <name>PushQueue</name>
         <value>0xc4f4</value>
         <object_component_ref idref="oc-2bd"/>
      </symbol>
      <symbol id="sm-f5">
         <name>QueueInit</name>
         <value>0xc888</value>
         <object_component_ref idref="oc-1f1"/>
      </symbol>
      <symbol id="sm-f6">
         <name>QueueStatus</name>
         <value>0xc970</value>
         <object_component_ref idref="oc-20f"/>
      </symbol>
      <symbol id="sm-130">
         <name>init_door</name>
         <value>0xc834</value>
         <object_component_ref idref="oc-1e5"/>
      </symbol>
      <symbol id="sm-131">
         <name>trigger_door_to_open</name>
         <value>0xc75a</value>
         <object_component_ref idref="oc-314"/>
      </symbol>
      <symbol id="sm-132">
         <name>trigger_door_to_close</name>
         <value>0xc69e</value>
         <object_component_ref idref="oc-381"/>
      </symbol>
      <symbol id="sm-133">
         <name>OpenDoor</name>
         <value>0xc96a</value>
         <object_component_ref idref="oc-38f"/>
      </symbol>
      <symbol id="sm-134">
         <name>CloseDoor</name>
         <value>0xc964</value>
         <object_component_ref idref="oc-283"/>
      </symbol>
      <symbol id="sm-135">
         <name>isr_door</name>
         <value>0xc8d0</value>
         <object_component_ref idref="oc-1b8"/>
      </symbol>
      <symbol id="sm-136">
         <name>Extend_open_delay</name>
         <value>0xc92c</value>
         <object_component_ref idref="oc-387"/>
      </symbol>
      <symbol id="sm-14a">
         <name>fsm</name>
         <value>0xc714</value>
         <object_component_ref idref="oc-222"/>
      </symbol>
      <symbol id="sm-1ea">
         <name>get_state</name>
         <value>0xc988</value>
         <object_component_ref idref="oc-21c"/>
      </symbol>
      <symbol id="sm-1eb">
         <name>ParseCard</name>
         <value>0xc38a</value>
         <object_component_ref idref="oc-2c3"/>
      </symbol>
      <symbol id="sm-1ec">
         <name>set_init_state</name>
         <value>0xc95c</value>
         <object_component_ref idref="oc-1f7"/>
      </symbol>
      <symbol id="sm-1ed">
         <name>S_delete_card</name>
         <value>0x248</value>
         <object_component_ref idref="oc-326"/>
      </symbol>
      <symbol id="sm-1ee">
         <name>search_card_table</name>
         <value>0xc482</value>
         <object_component_ref idref="oc-342"/>
      </symbol>
      <symbol id="sm-1ef">
         <name>EE_Read_Card</name>
         <value>0xc4bc</value>
         <object_component_ref idref="oc-3b6"/>
      </symbol>
      <symbol id="sm-1f0">
         <name>S_closing_door</name>
         <value>0x236</value>
         <object_component_ref idref="oc-37e"/>
      </symbol>
      <symbol id="sm-1f1">
         <name>EE_Write_Card</name>
         <value>0xc5f0</value>
         <object_component_ref idref="oc-3e5"/>
      </symbol>
      <symbol id="sm-1f2">
         <name>S_opening_door</name>
         <value>0x25a</value>
         <object_component_ref idref="oc-311"/>
      </symbol>
      <symbol id="sm-1f3">
         <name>S_add_card</name>
         <value>0x224</value>
         <object_component_ref idref="oc-32f"/>
      </symbol>
      <symbol id="sm-1f4">
         <name>store_state</name>
         <value>0xc98e</value>
         <object_component_ref idref="oc-228"/>
      </symbol>
      <symbol id="sm-1f5">
         <name>S_ilde</name>
         <value>0x200</value>
         <object_component_ref idref="oc-2a0"/>
      </symbol>
      <symbol id="sm-242">
         <name>__TI_int06</name>
         <value>0xffec</value>
         <object_component_ref idref="oc-44"/>
      </symbol>
      <symbol id="sm-243">
         <name>__TI_int07</name>
         <value>0xffee</value>
         <object_component_ref idref="oc-45"/>
      </symbol>
      <symbol id="sm-244">
         <name>ready</name>
         <value>0x280</value>
         <object_component_ref idref="oc-1a5"/>
      </symbol>
      <symbol id="sm-245">
         <name>i2c_data</name>
         <value>0x26c</value>
         <object_component_ref idref="oc-1a2"/>
      </symbol>
      <symbol id="sm-246">
         <name>i2c_init</name>
         <value>0xc61c</value>
         <object_component_ref idref="oc-1df"/>
      </symbol>
      <symbol id="sm-247">
         <name>USCIAB0RX_ISR</name>
         <value>0xc674</value>
         <object_component_ref idref="oc-ed"/>
      </symbol>
      <symbol id="sm-248">
         <name>USCIAB0TX_ISR</name>
         <value>0xc7ee</value>
         <object_component_ref idref="oc-e7"/>
      </symbol>
      <symbol id="sm-249">
         <name>i2c_trans</name>
         <value>0xc408</value>
         <object_component_ref idref="oc-3de"/>
      </symbol>
      <symbol id="sm-24a">
         <name>mode</name>
         <value>0x281</value>
         <object_component_ref idref="oc-1a5"/>
      </symbol>
      <symbol id="sm-284">
         <name>init_led</name>
         <value>0xc738</value>
         <object_component_ref idref="oc-1cd"/>
      </symbol>
      <symbol id="sm-285">
         <name>led_on</name>
         <value>0xc940</value>
         <object_component_ref idref="oc-3f5"/>
      </symbol>
      <symbol id="sm-286">
         <name>isr_led</name>
         <value>0xc446</value>
         <object_component_ref idref="oc-1b2"/>
      </symbol>
      <symbol id="sm-287">
         <name>flash_led</name>
         <value>0xc52c</value>
         <object_component_ref idref="oc-203"/>
      </symbol>
      <symbol id="sm-288">
         <name>led_off</name>
         <value>0xc936</value>
         <object_component_ref idref="oc-1eb"/>
      </symbol>
      <symbol id="sm-2a4">
         <name>chusma1</name>
         <value>0x29d</value>
      </symbol>
      <symbol id="sm-2a5">
         <name>chusma2</name>
         <value>0x2a6</value>
      </symbol>
      <symbol id="sm-2a6">
         <name>chusma3</name>
         <value>0x2a7</value>
      </symbol>
      <symbol id="sm-2a7">
         <name>chusma4</name>
         <value>0x2a8</value>
      </symbol>
      <symbol id="sm-2a8">
         <name>dathi</name>
         <value>0x2a9</value>
      </symbol>
      <symbol id="sm-2a9">
         <name>datlo</name>
         <value>0x2aa</value>
      </symbol>
      <symbol id="sm-2aa">
         <name>eve</name>
         <value>0x2ab</value>
      </symbol>
      <symbol id="sm-2ab">
         <name>test16</name>
         <value>0x282</value>
         <object_component_ref idref="oc-1c8"/>
      </symbol>
      <symbol id="sm-2ac">
         <name>ProcessEvents</name>
         <value>0xc6c8</value>
         <object_component_ref idref="oc-209"/>
      </symbol>
      <symbol id="sm-2ad">
         <name>main</name>
         <value>0xc0e6</value>
         <object_component_ref idref="oc-179"/>
      </symbol>
      <symbol id="sm-2de">
         <name>__TI_int08</name>
         <value>0xfff0</value>
         <object_component_ref idref="oc-46"/>
      </symbol>
      <symbol id="sm-2df">
         <name>Timer_Set_Delay</name>
         <value>0xc89a</value>
         <object_component_ref idref="oc-395"/>
      </symbol>
      <symbol id="sm-2e0">
         <name>Timer_Get_Status</name>
         <value>0xc860</value>
         <object_component_ref idref="oc-2b7"/>
      </symbol>
      <symbol id="sm-2e1">
         <name>isr_timer</name>
         <value>0xc5c2</value>
         <object_component_ref idref="oc-f3"/>
      </symbol>
      <symbol id="sm-2e2">
         <name>TAOI_handler</name>
         <value>0xc7b6</value>
         <object_component_ref idref="oc-164"/>
      </symbol>
      <symbol id="sm-2e3">
         <name>init_timer</name>
         <value>0xc8be</value>
         <object_component_ref idref="oc-1d9"/>
      </symbol>
      <symbol id="sm-324">
         <name>init_wiegand</name>
         <value>0xc904</value>
         <object_component_ref idref="oc-1d3"/>
      </symbol>
      <symbol id="sm-325">
         <name>wiegand_get_status</name>
         <value>0xc920</value>
         <object_component_ref idref="oc-2b1"/>
      </symbol>
      <symbol id="sm-326">
         <name>__TI_int02</name>
         <value>0xffe4</value>
         <object_component_ref idref="oc-41"/>
      </symbol>
      <symbol id="sm-327">
         <name>isr_wiegand</name>
         <value>0xc208</value>
         <object_component_ref idref="oc-e1"/>
      </symbol>
      <symbol id="sm-328">
         <name>wiegand_get_card_number</name>
         <value>0xc6ee</value>
         <object_component_ref idref="oc-33c"/>
      </symbol>
      <symbol id="sm-329">
         <name>enable_card_reader</name>
         <value>0xc982</value>
         <object_component_ref idref="oc-1fd"/>
      </symbol>
      <symbol id="sm-32a">
         <name>disable_card_reader</name>
         <value>0xc97c</value>
         <object_component_ref idref="oc-3d4"/>
      </symbol>
      <symbol id="sm-334">
         <name>__mspabi_remu</name>
         <value>0xc84a</value>
         <object_component_ref idref="oc-2ab"/>
      </symbol>
      <symbol id="sm-335">
         <name>__mspabi_divu</name>
         <value>0xc84a</value>
         <object_component_ref idref="oc-2ab"/>
      </symbol>
      <symbol id="sm-33e">
         <name>__mspabi_func_epilog_2</name>
         <value>0xc8fe</value>
         <object_component_ref idref="oc-bf"/>
      </symbol>
      <symbol id="sm-33f">
         <name>__mspabi_func_epilog_3</name>
         <value>0xc8fc</value>
         <object_component_ref idref="oc-bf"/>
      </symbol>
      <symbol id="sm-340">
         <name>__mspabi_func_epilog_1</name>
         <value>0xc900</value>
         <object_component_ref idref="oc-bf"/>
      </symbol>
      <symbol id="sm-341">
         <name>__mspabi_func_epilog_6</name>
         <value>0xc8f6</value>
         <object_component_ref idref="oc-bf"/>
      </symbol>
      <symbol id="sm-342">
         <name>__mspabi_func_epilog_7</name>
         <value>0xc8f4</value>
         <object_component_ref idref="oc-bf"/>
      </symbol>
      <symbol id="sm-343">
         <name>__mspabi_func_epilog_4</name>
         <value>0xc8fa</value>
         <object_component_ref idref="oc-bf"/>
      </symbol>
      <symbol id="sm-344">
         <name>__mspabi_func_epilog_5</name>
         <value>0xc8f8</value>
         <object_component_ref idref="oc-bf"/>
      </symbol>
      <symbol id="sm-347">
         <name>__TI_int00</name>
         <value>0xffe0</value>
         <object_component_ref idref="oc-40"/>
      </symbol>
      <symbol id="sm-34a">
         <name>__TI_int03</name>
         <value>0xffe6</value>
         <object_component_ref idref="oc-42"/>
      </symbol>
      <symbol id="sm-34d">
         <name>__TI_int05</name>
         <value>0xffea</value>
         <object_component_ref idref="oc-43"/>
      </symbol>
      <symbol id="sm-350">
         <name>__TI_int09</name>
         <value>0xfff2</value>
         <object_component_ref idref="oc-47"/>
      </symbol>
      <symbol id="sm-353">
         <name>__TI_int10</name>
         <value>0xfff4</value>
         <object_component_ref idref="oc-48"/>
      </symbol>
      <symbol id="sm-356">
         <name>__TI_int11</name>
         <value>0xfff6</value>
         <object_component_ref idref="oc-49"/>
      </symbol>
      <symbol id="sm-359">
         <name>__TI_int12</name>
         <value>0xfff8</value>
         <object_component_ref idref="oc-4a"/>
      </symbol>
      <symbol id="sm-35c">
         <name>__TI_int13</name>
         <value>0xfffa</value>
         <object_component_ref idref="oc-4b"/>
      </symbol>
      <symbol id="sm-35f">
         <name>__TI_int14</name>
         <value>0xfffc</value>
         <object_component_ref idref="oc-4c"/>
      </symbol>
      <symbol id="sm-367">
         <name>__TI_ISR_TRAP</name>
         <value>0xc954</value>
         <object_component_ref idref="oc-dc"/>
      </symbol>
      <symbol id="sm-377">
         <name>_stack</name>
         <value>0x3b0</value>
         <object_component_ref idref="oc-b1"/>
      </symbol>
      <symbol id="sm-378">
         <name>_c_int00_noargs</name>
         <value>0xc7d2</value>
         <object_component_ref idref="oc-10b"/>
      </symbol>
      <symbol id="sm-379">
         <name>_reset_vector</name>
         <value>0xfffe</value>
         <object_component_ref idref="oc-b4"/>
      </symbol>
      <symbol id="sm-39b">
         <name>__TI_auto_init_nobinit_nopinit</name>
         <value>0xc306</value>
         <object_component_ref idref="oc-23b"/>
      </symbol>
      <symbol id="sm-3b3">
         <name>__TI_zero_init_nomemset</name>
         <value>0xc874</value>
         <object_component_ref idref="oc-f9"/>
      </symbol>
      <symbol id="sm-3be">
         <name>_system_pre_init</name>
         <value>0xc994</value>
         <object_component_ref idref="oc-173"/>
      </symbol>
      <symbol id="sm-3c7">
         <name>_system_post_cinit</name>
         <value>0xc998</value>
         <object_component_ref idref="oc-2e3"/>
      </symbol>
      <symbol id="sm-3dd">
         <name>__TI_decompress_none</name>
         <value>0xc8ac</value>
         <object_component_ref idref="oc-3a"/>
      </symbol>
      <symbol id="sm-400">
         <name>__TI_decompress_lzss</name>
         <value>0xc18c</value>
         <object_component_ref idref="oc-34"/>
      </symbol>
      <symbol id="sm-40a">
         <name>C$$EXIT</name>
         <value>0xc976</value>
         <object_component_ref idref="oc-22f"/>
      </symbol>
      <symbol id="sm-40b">
         <name>abort</name>
         <value>0xc976</value>
         <object_component_ref idref="oc-22f"/>
      </symbol>
      <symbol id="sm-41b">
         <name>memcpy</name>
         <value>0xc8e2</value>
         <object_component_ref idref="oc-cf"/>
      </symbol>
      <symbol id="sm-423">
         <name>__mspabi_slli</name>
         <value>0xc648</value>
         <object_component_ref idref="oc-b5"/>
      </symbol>
      <symbol id="sm-424">
         <name>__mspabi_slli_9</name>
         <value>0xc660</value>
         <object_component_ref idref="oc-b5"/>
      </symbol>
      <symbol id="sm-425">
         <name>__mspabi_slli_8</name>
         <value>0xc662</value>
         <object_component_ref idref="oc-b5"/>
      </symbol>
      <symbol id="sm-426">
         <name>__mspabi_slli_7</name>
         <value>0xc664</value>
         <object_component_ref idref="oc-b5"/>
      </symbol>
      <symbol id="sm-427">
         <name>__mspabi_slli_6</name>
         <value>0xc666</value>
         <object_component_ref idref="oc-b5"/>
      </symbol>
      <symbol id="sm-428">
         <name>__mspabi_slli_5</name>
         <value>0xc668</value>
         <object_component_ref idref="oc-b5"/>
      </symbol>
      <symbol id="sm-429">
         <name>__mspabi_slli_4</name>
         <value>0xc66a</value>
         <object_component_ref idref="oc-b5"/>
      </symbol>
      <symbol id="sm-42a">
         <name>__mspabi_slli_3</name>
         <value>0xc66c</value>
         <object_component_ref idref="oc-b5"/>
      </symbol>
      <symbol id="sm-42b">
         <name>__mspabi_slli_2</name>
         <value>0xc66e</value>
         <object_component_ref idref="oc-b5"/>
      </symbol>
      <symbol id="sm-42c">
         <name>__mspabi_slli_1</name>
         <value>0xc670</value>
         <object_component_ref idref="oc-b5"/>
      </symbol>
      <symbol id="sm-42d">
         <name>__mspabi_slli_15</name>
         <value>0xc654</value>
         <object_component_ref idref="oc-b5"/>
      </symbol>
      <symbol id="sm-42e">
         <name>__mspabi_slli_14</name>
         <value>0xc656</value>
         <object_component_ref idref="oc-b5"/>
      </symbol>
      <symbol id="sm-42f">
         <name>__mspabi_slli_13</name>
         <value>0xc658</value>
         <object_component_ref idref="oc-b5"/>
      </symbol>
      <symbol id="sm-430">
         <name>__mspabi_slli_12</name>
         <value>0xc65a</value>
         <object_component_ref idref="oc-b5"/>
      </symbol>
      <symbol id="sm-431">
         <name>__mspabi_slli_11</name>
         <value>0xc65c</value>
         <object_component_ref idref="oc-b5"/>
      </symbol>
      <symbol id="sm-432">
         <name>__mspabi_slli_10</name>
         <value>0xc65e</value>
         <object_component_ref idref="oc-b5"/>
      </symbol>
      <symbol id="sm-43a">
         <name>__mspabi_srli_8</name>
         <value>0xc29a</value>
         <object_component_ref idref="oc-ba"/>
      </symbol>
      <symbol id="sm-43b">
         <name>__mspabi_srli_9</name>
         <value>0xc296</value>
         <object_component_ref idref="oc-ba"/>
      </symbol>
      <symbol id="sm-43c">
         <name>__mspabi_srli_6</name>
         <value>0xc2a2</value>
         <object_component_ref idref="oc-ba"/>
      </symbol>
      <symbol id="sm-43d">
         <name>__mspabi_srli_7</name>
         <value>0xc29e</value>
         <object_component_ref idref="oc-ba"/>
      </symbol>
      <symbol id="sm-43e">
         <name>__mspabi_srli_4</name>
         <value>0xc2aa</value>
         <object_component_ref idref="oc-ba"/>
      </symbol>
      <symbol id="sm-43f">
         <name>__mspabi_srli_5</name>
         <value>0xc2a6</value>
         <object_component_ref idref="oc-ba"/>
      </symbol>
      <symbol id="sm-440">
         <name>__mspabi_srli_2</name>
         <value>0xc2b2</value>
         <object_component_ref idref="oc-ba"/>
      </symbol>
      <symbol id="sm-441">
         <name>__mspabi_srli_3</name>
         <value>0xc2ae</value>
         <object_component_ref idref="oc-ba"/>
      </symbol>
      <symbol id="sm-442">
         <name>__mspabi_srli_1</name>
         <value>0xc2b6</value>
         <object_component_ref idref="oc-ba"/>
      </symbol>
      <symbol id="sm-443">
         <name>__mspabi_srli</name>
         <value>0xc270</value>
         <object_component_ref idref="oc-ba"/>
      </symbol>
      <symbol id="sm-444">
         <name>__mspabi_srli_15</name>
         <value>0xc27e</value>
         <object_component_ref idref="oc-ba"/>
      </symbol>
      <symbol id="sm-445">
         <name>__mspabi_srli_14</name>
         <value>0xc282</value>
         <object_component_ref idref="oc-ba"/>
      </symbol>
      <symbol id="sm-446">
         <name>__mspabi_srli_13</name>
         <value>0xc286</value>
         <object_component_ref idref="oc-ba"/>
      </symbol>
      <symbol id="sm-447">
         <name>__mspabi_srli_12</name>
         <value>0xc28a</value>
         <object_component_ref idref="oc-ba"/>
      </symbol>
      <symbol id="sm-448">
         <name>__mspabi_srli_11</name>
         <value>0xc28e</value>
         <object_component_ref idref="oc-ba"/>
      </symbol>
      <symbol id="sm-449">
         <name>__mspabi_srli_10</name>
         <value>0xc292</value>
         <object_component_ref idref="oc-ba"/>
      </symbol>
   </symbol_table>
   <title>Link successful</title>
</link_info>
