<?xml version="1.0" encoding="ISO-8859-1" ?>
<link_info>
   <banner>MSP430 Linker Unix v18.1.1.LTS</banner>
   <copyright>Copyright (c) 2003-2017 Texas Instruments Incorporated</copyright>
   <link_time>0x5c0de382</link_time>
   <link_errors>0x0</link_errors>
   <output_file>wiegand_03_2018.out</output_file>
   <entry_point>
      <name>_c_int00_noargs</name>
      <address>0xc79e</address>
   </entry_point>
   <input_file_list>
      <input_file id="fl-1">
         <path>./</path>
         <kind>object</kind>
         <file>EEprom.obj</file>
         <name>EEprom.obj</name>
      </input_file>
      <input_file id="fl-2">
         <path>./</path>
         <kind>object</kind>
         <file>cqueue.obj</file>
         <name>cqueue.obj</name>
      </input_file>
      <input_file id="fl-3">
         <path>./</path>
         <kind>object</kind>
         <file>door.obj</file>
         <name>door.obj</name>
      </input_file>
      <input_file id="fl-4">
         <path>./</path>
         <kind>object</kind>
         <file>fsm.obj</file>
         <name>fsm.obj</name>
      </input_file>
      <input_file id="fl-5">
         <path>./</path>
         <kind>object</kind>
         <file>fsmtable.obj</file>
         <name>fsmtable.obj</name>
      </input_file>
      <input_file id="fl-6">
         <path>./</path>
         <kind>object</kind>
         <file>iic.obj</file>
         <name>iic.obj</name>
      </input_file>
      <input_file id="fl-7">
         <path>./</path>
         <kind>object</kind>
         <file>led.obj</file>
         <name>led.obj</name>
      </input_file>
      <input_file id="fl-8">
         <path>./</path>
         <kind>object</kind>
         <file>main.obj</file>
         <name>main.obj</name>
      </input_file>
      <input_file id="fl-9">
         <path>./</path>
         <kind>object</kind>
         <file>timer.obj</file>
         <name>timer.obj</name>
      </input_file>
      <input_file id="fl-a">
         <path>./</path>
         <kind>object</kind>
         <file>wiegand.obj</file>
         <name>wiegand.obj</name>
      </input_file>
      <input_file id="fl-f">
         <kind>object</kind>
         <file>&lt;internal&gt;</file>
         <name>&lt;internal&gt;</name>
      </input_file>
      <input_file id="fl-25">
         <path>/home/jacoby/ti/ccsv8/tools/compiler/ti-cgt-msp430_18.1.1.LTS/lib/</path>
         <kind>archive</kind>
         <file>rts430_eabi.lib</file>
         <name>div16u.asm.obj</name>
      </input_file>
      <input_file id="fl-26">
         <path>/home/jacoby/ti/ccsv8/tools/compiler/ti-cgt-msp430_18.1.1.LTS/lib/</path>
         <kind>archive</kind>
         <file>rts430_eabi.lib</file>
         <name>epilog.asm.obj</name>
      </input_file>
      <input_file id="fl-27">
         <path>/home/jacoby/ti/ccsv8/tools/compiler/ti-cgt-msp430_18.1.1.LTS/lib/</path>
         <kind>archive</kind>
         <file>rts430_eabi.lib</file>
         <name>int00.asm.obj</name>
      </input_file>
      <input_file id="fl-28">
         <path>/home/jacoby/ti/ccsv8/tools/compiler/ti-cgt-msp430_18.1.1.LTS/lib/</path>
         <kind>archive</kind>
         <file>rts430_eabi.lib</file>
         <name>int03.asm.obj</name>
      </input_file>
      <input_file id="fl-29">
         <path>/home/jacoby/ti/ccsv8/tools/compiler/ti-cgt-msp430_18.1.1.LTS/lib/</path>
         <kind>archive</kind>
         <file>rts430_eabi.lib</file>
         <name>int05.asm.obj</name>
      </input_file>
      <input_file id="fl-2a">
         <path>/home/jacoby/ti/ccsv8/tools/compiler/ti-cgt-msp430_18.1.1.LTS/lib/</path>
         <kind>archive</kind>
         <file>rts430_eabi.lib</file>
         <name>int09.asm.obj</name>
      </input_file>
      <input_file id="fl-2b">
         <path>/home/jacoby/ti/ccsv8/tools/compiler/ti-cgt-msp430_18.1.1.LTS/lib/</path>
         <kind>archive</kind>
         <file>rts430_eabi.lib</file>
         <name>int10.asm.obj</name>
      </input_file>
      <input_file id="fl-2c">
         <path>/home/jacoby/ti/ccsv8/tools/compiler/ti-cgt-msp430_18.1.1.LTS/lib/</path>
         <kind>archive</kind>
         <file>rts430_eabi.lib</file>
         <name>int11.asm.obj</name>
      </input_file>
      <input_file id="fl-2d">
         <path>/home/jacoby/ti/ccsv8/tools/compiler/ti-cgt-msp430_18.1.1.LTS/lib/</path>
         <kind>archive</kind>
         <file>rts430_eabi.lib</file>
         <name>int12.asm.obj</name>
      </input_file>
      <input_file id="fl-2e">
         <path>/home/jacoby/ti/ccsv8/tools/compiler/ti-cgt-msp430_18.1.1.LTS/lib/</path>
         <kind>archive</kind>
         <file>rts430_eabi.lib</file>
         <name>int13.asm.obj</name>
      </input_file>
      <input_file id="fl-2f">
         <path>/home/jacoby/ti/ccsv8/tools/compiler/ti-cgt-msp430_18.1.1.LTS/lib/</path>
         <kind>archive</kind>
         <file>rts430_eabi.lib</file>
         <name>int14.asm.obj</name>
      </input_file>
      <input_file id="fl-30">
         <path>/home/jacoby/ti/ccsv8/tools/compiler/ti-cgt-msp430_18.1.1.LTS/lib/</path>
         <kind>archive</kind>
         <file>rts430_eabi.lib</file>
         <name>isr_trap.asm.obj</name>
      </input_file>
      <input_file id="fl-31">
         <path>/home/jacoby/ti/ccsv8/tools/compiler/ti-cgt-msp430_18.1.1.LTS/lib/</path>
         <kind>archive</kind>
         <file>rts430_eabi.lib</file>
         <name>boot.c.obj</name>
      </input_file>
      <input_file id="fl-32">
         <path>/home/jacoby/ti/ccsv8/tools/compiler/ti-cgt-msp430_18.1.1.LTS/lib/</path>
         <kind>archive</kind>
         <file>rts430_eabi.lib</file>
         <name>autoinit.c.obj</name>
      </input_file>
      <input_file id="fl-33">
         <path>/home/jacoby/ti/ccsv8/tools/compiler/ti-cgt-msp430_18.1.1.LTS/lib/</path>
         <kind>archive</kind>
         <file>rts430_eabi.lib</file>
         <name>copy_zero_init.c.obj</name>
      </input_file>
      <input_file id="fl-34">
         <path>/home/jacoby/ti/ccsv8/tools/compiler/ti-cgt-msp430_18.1.1.LTS/lib/</path>
         <kind>archive</kind>
         <file>rts430_eabi.lib</file>
         <name>cpy_tbl.c.obj</name>
      </input_file>
      <input_file id="fl-35">
         <path>/home/jacoby/ti/ccsv8/tools/compiler/ti-cgt-msp430_18.1.1.LTS/lib/</path>
         <kind>archive</kind>
         <file>rts430_eabi.lib</file>
         <name>mpu_init.c.obj</name>
      </input_file>
      <input_file id="fl-36">
         <path>/home/jacoby/ti/ccsv8/tools/compiler/ti-cgt-msp430_18.1.1.LTS/lib/</path>
         <kind>archive</kind>
         <file>rts430_eabi.lib</file>
         <name>pre_init.c.obj</name>
      </input_file>
      <input_file id="fl-37">
         <path>/home/jacoby/ti/ccsv8/tools/compiler/ti-cgt-msp430_18.1.1.LTS/lib/</path>
         <kind>archive</kind>
         <file>rts430_eabi.lib</file>
         <name>startup.c.obj</name>
      </input_file>
      <input_file id="fl-38">
         <path>/home/jacoby/ti/ccsv8/tools/compiler/ti-cgt-msp430_18.1.1.LTS/lib/</path>
         <kind>archive</kind>
         <file>rts430_eabi.lib</file>
         <name>copy_decompress_none.c.obj</name>
      </input_file>
      <input_file id="fl-39">
         <path>/home/jacoby/ti/ccsv8/tools/compiler/ti-cgt-msp430_18.1.1.LTS/lib/</path>
         <kind>archive</kind>
         <file>rts430_eabi.lib</file>
         <name>copy_decompress_lzss.c.obj</name>
      </input_file>
      <input_file id="fl-3a">
         <path>/home/jacoby/ti/ccsv8/tools/compiler/ti-cgt-msp430_18.1.1.LTS/lib/</path>
         <kind>archive</kind>
         <file>rts430_eabi.lib</file>
         <name>exit.c.obj</name>
      </input_file>
      <input_file id="fl-3b">
         <path>/home/jacoby/ti/ccsv8/tools/compiler/ti-cgt-msp430_18.1.1.LTS/lib/</path>
         <kind>archive</kind>
         <file>rts430_eabi.lib</file>
         <name>_lock.c.obj</name>
      </input_file>
      <input_file id="fl-3c">
         <path>/home/jacoby/ti/ccsv8/tools/compiler/ti-cgt-msp430_18.1.1.LTS/lib/</path>
         <kind>archive</kind>
         <file>rts430_eabi.lib</file>
         <name>args_main.c.obj</name>
      </input_file>
      <input_file id="fl-3d">
         <path>/home/jacoby/ti/ccsv8/tools/compiler/ti-cgt-msp430_18.1.1.LTS/lib/</path>
         <kind>archive</kind>
         <file>rts430_eabi.lib</file>
         <name>memcpy.c.obj</name>
      </input_file>
      <input_file id="fl-3e">
         <path>/home/jacoby/ti/ccsv8/tools/compiler/ti-cgt-msp430_18.1.1.LTS/lib/</path>
         <kind>archive</kind>
         <file>rts430_eabi.lib</file>
         <name>lsl16.asm.obj</name>
      </input_file>
      <input_file id="fl-3f">
         <path>/home/jacoby/ti/ccsv8/tools/compiler/ti-cgt-msp430_18.1.1.LTS/lib/</path>
         <kind>archive</kind>
         <file>rts430_eabi.lib</file>
         <name>lsr16.asm.obj</name>
      </input_file>
      <input_file id="fl-40">
         <path>/home/jacoby/ti/ccsv8/tools/compiler/ti-cgt-msp430_18.1.1.LTS/lib/</path>
         <kind>archive</kind>
         <file>rts430_eabi.lib</file>
         <name>mult16.asm.obj</name>
      </input_file>
      <input_file id="fl-41">
         <path>/home/jacoby/ti/ccsv8/tools/compiler/ti-cgt-msp430_18.1.1.LTS/lib/</path>
         <kind>archive</kind>
         <file>rts430_eabi.lib</file>
         <name>exit_gvars.c.obj</name>
      </input_file>
   </input_file_list>
   <object_component_list>
      <object_component id="oc-295">
         <name>.bss:buffer</name>
         <uninitialized>true</uninitialized>
         <run_address>0x288</run_address>
         <size>0x4</size>
         <input_file_ref idref="fl-2"/>
      </object_component>
      <object_component id="oc-298">
         <name>.bss</name>
         <uninitialized>true</uninitialized>
         <run_address>0x27c</run_address>
         <size>0x6</size>
         <input_file_ref idref="fl-2"/>
      </object_component>
      <object_component id="oc-277">
         <name>.bss</name>
         <uninitialized>true</uninitialized>
         <run_address>0x282</run_address>
         <size>0x5</size>
         <input_file_ref idref="fl-7"/>
      </object_component>
      <object_component id="oc-1aa">
         <name>.bss</name>
         <uninitialized>true</uninitialized>
         <run_address>0x28c</run_address>
         <size>0x4</size>
         <input_file_ref idref="fl-9"/>
      </object_component>
      <object_component id="oc-14f">
         <name>.bss</name>
         <uninitialized>true</uninitialized>
         <run_address>0x270</run_address>
         <size>0xc</size>
         <input_file_ref idref="fl-a"/>
      </object_component>
      <object_component id="oc-1c3">
         <name>.common:chusma1</name>
         <uninitialized>true</uninitialized>
         <run_address>0x287</run_address>
         <size>0x1</size>
      </object_component>
      <object_component id="oc-1c6">
         <name>.common:chusma2</name>
         <uninitialized>true</uninitialized>
         <run_address>0x290</run_address>
         <size>0x1</size>
      </object_component>
      <object_component id="oc-1c7">
         <name>.common:chusma3</name>
         <uninitialized>true</uninitialized>
         <run_address>0x291</run_address>
         <size>0x1</size>
      </object_component>
      <object_component id="oc-1c8">
         <name>.common:chusma4</name>
         <uninitialized>true</uninitialized>
         <run_address>0x292</run_address>
         <size>0x1</size>
      </object_component>
      <object_component id="oc-1cc">
         <name>.common:dathi</name>
         <uninitialized>true</uninitialized>
         <run_address>0x293</run_address>
         <size>0x1</size>
      </object_component>
      <object_component id="oc-1cd">
         <name>.common:datlo</name>
         <uninitialized>true</uninitialized>
         <run_address>0x294</run_address>
         <size>0x1</size>
      </object_component>
      <object_component id="oc-216">
         <name>.common:eve</name>
         <uninitialized>true</uninitialized>
         <run_address>0x295</run_address>
         <size>0x1</size>
      </object_component>
      <object_component id="oc-27b">
         <name>.data</name>
         <load_address>0x268</load_address>
         <run_address>0x268</run_address>
         <size>0x2</size>
         <input_file_ref idref="fl-3"/>
      </object_component>
      <object_component id="oc-29f">
         <name>.data</name>
         <load_address>0x26a</load_address>
         <run_address>0x26a</run_address>
         <size>0x2</size>
         <input_file_ref idref="fl-5"/>
      </object_component>
      <object_component id="oc-29c">
         <name>.data:S_ilde</name>
         <load_address>0x200</load_address>
         <run_address>0x200</run_address>
         <size>0x24</size>
         <input_file_ref idref="fl-5"/>
      </object_component>
      <object_component id="oc-309">
         <name>.data:S_opening_door</name>
         <load_address>0x248</load_address>
         <run_address>0x248</run_address>
         <size>0x12</size>
         <input_file_ref idref="fl-5"/>
      </object_component>
      <object_component id="oc-31e">
         <name>.data:S_delete_card</name>
         <load_address>0x236</load_address>
         <run_address>0x236</run_address>
         <size>0x12</size>
         <input_file_ref idref="fl-5"/>
      </object_component>
      <object_component id="oc-327">
         <name>.data:S_add_card</name>
         <load_address>0x224</load_address>
         <run_address>0x224</run_address>
         <size>0x12</size>
         <input_file_ref idref="fl-5"/>
      </object_component>
      <object_component id="oc-19d">
         <name>.data:i2c_data</name>
         <load_address>0x25a</load_address>
         <run_address>0x25a</run_address>
         <size>0x8</size>
         <input_file_ref idref="fl-6"/>
      </object_component>
      <object_component id="oc-1a0">
         <name>.data</name>
         <load_address>0x26c</load_address>
         <run_address>0x26c</run_address>
         <size>0x2</size>
         <input_file_ref idref="fl-6"/>
      </object_component>
      <object_component id="oc-274">
         <name>.data</name>
         <load_address>0x262</load_address>
         <run_address>0x262</run_address>
         <size>0x5</size>
         <input_file_ref idref="fl-7"/>
      </object_component>
      <object_component id="oc-1c9">
         <name>.data</name>
         <load_address>0x26e</load_address>
         <run_address>0x26e</run_address>
         <size>0x2</size>
         <input_file_ref idref="fl-8"/>
      </object_component>
      <object_component id="oc-b1">
         <name>.stack</name>
         <uninitialized>true</uninitialized>
         <run_address>0x3b0</run_address>
         <size>0x2</size>
         <input_file_ref idref="fl-31"/>
      </object_component>
      <object_component id="oc-421">
         <name>.stack</name>
         <uninitialized>true</uninitialized>
         <run_address>0x3b0</run_address>
         <size>0x0</size>
      </object_component>
      <object_component id="oc-153">
         <name>.text:i2c_int</name>
         <load_address>0xc000</load_address>
         <run_address>0xc000</run_address>
         <size>0xe6</size>
         <input_file_ref idref="fl-6"/>
      </object_component>
      <object_component id="oc-176">
         <name>.text:main</name>
         <load_address>0xc0e6</load_address>
         <run_address>0xc0e6</run_address>
         <size>0xa2</size>
         <input_file_ref idref="fl-8"/>
      </object_component>
      <object_component id="oc-34">
         <name>.text:decompress:lzss:__TI_decompress_lzss</name>
         <load_address>0xc188</load_address>
         <run_address>0xc188</run_address>
         <size>0x7c</size>
         <input_file_ref idref="fl-39"/>
      </object_component>
      <object_component id="oc-e1">
         <name>.text:isr_wiegand</name>
         <load_address>0xc204</load_address>
         <run_address>0xc204</run_address>
         <size>0x5c</size>
         <input_file_ref idref="fl-a"/>
      </object_component>
      <object_component id="oc-ba">
         <name>.text</name>
         <load_address>0xc260</load_address>
         <run_address>0xc260</run_address>
         <size>0x4c</size>
         <input_file_ref idref="fl-3f"/>
      </object_component>
      <object_component id="oc-3a0">
         <name>.text:add_card</name>
         <load_address>0xc2ac</load_address>
         <run_address>0xc2ac</run_address>
         <size>0x4a</size>
         <input_file_ref idref="fl-5"/>
      </object_component>
      <object_component id="oc-236">
         <name>.text:__TI_auto_init_nobinit_nopinit:__TI_auto_init_nobinit_nopinit</name>
         <load_address>0xc2f6</load_address>
         <run_address>0xc2f6</run_address>
         <size>0x42</size>
         <input_file_ref idref="fl-32"/>
      </object_component>
      <object_component id="oc-318">
         <name>.text:erase_table</name>
         <load_address>0xc338</load_address>
         <run_address>0xc338</run_address>
         <size>0x42</size>
         <input_file_ref idref="fl-5"/>
      </object_component>
      <object_component id="oc-2bb">
         <name>.text:ParseCard</name>
         <load_address>0xc37a</load_address>
         <run_address>0xc37a</run_address>
         <size>0x40</size>
         <input_file_ref idref="fl-5"/>
      </object_component>
      <object_component id="oc-397">
         <name>.text:erase_card</name>
         <load_address>0xc3ba</load_address>
         <run_address>0xc3ba</run_address>
         <size>0x3e</size>
         <input_file_ref idref="fl-5"/>
      </object_component>
      <object_component id="oc-3c1">
         <name>.text:i2c_trans</name>
         <load_address>0xc3f8</load_address>
         <run_address>0xc3f8</run_address>
         <size>0x3e</size>
         <input_file_ref idref="fl-6"/>
      </object_component>
      <object_component id="oc-1ad">
         <name>.text:isr_led</name>
         <load_address>0xc436</load_address>
         <run_address>0xc436</run_address>
         <size>0x3c</size>
         <input_file_ref idref="fl-7"/>
      </object_component>
      <object_component id="oc-338">
         <name>.text:search_card_table</name>
         <load_address>0xc472</load_address>
         <run_address>0xc472</run_address>
         <size>0x3a</size>
         <input_file_ref idref="fl-5"/>
      </object_component>
      <object_component id="oc-3a9">
         <name>.text:EE_Read_Card</name>
         <load_address>0xc4ac</load_address>
         <run_address>0xc4ac</run_address>
         <size>0x38</size>
         <input_file_ref idref="fl-5"/>
      </object_component>
      <object_component id="oc-2b5">
         <name>.text:PushQueue</name>
         <load_address>0xc4e4</load_address>
         <run_address>0xc4e4</run_address>
         <size>0x38</size>
         <input_file_ref idref="fl-2"/>
      </object_component>
      <object_component id="oc-1fe">
         <name>.text:flash_led</name>
         <load_address>0xc51c</load_address>
         <run_address>0xc51c</run_address>
         <size>0x36</size>
         <input_file_ref idref="fl-7"/>
      </object_component>
      <object_component id="oc-3d0">
         <name>.text:ReadEE</name>
         <load_address>0xc552</load_address>
         <run_address>0xc552</run_address>
         <size>0x30</size>
         <input_file_ref idref="fl-1"/>
      </object_component>
      <object_component id="oc-390">
         <name>.text:WriteEE</name>
         <load_address>0xc582</load_address>
         <run_address>0xc582</run_address>
         <size>0x30</size>
         <input_file_ref idref="fl-1"/>
      </object_component>
      <object_component id="oc-f3">
         <name>.text:isr_timer</name>
         <load_address>0xc5b2</load_address>
         <run_address>0xc5b2</run_address>
         <size>0x2e</size>
         <input_file_ref idref="fl-9"/>
      </object_component>
      <object_component id="oc-3c8">
         <name>.text:EE_Write_Card</name>
         <load_address>0xc5e0</load_address>
         <run_address>0xc5e0</run_address>
         <size>0x2c</size>
         <input_file_ref idref="fl-5"/>
      </object_component>
      <object_component id="oc-1e0">
         <name>.text:i2c_init</name>
         <load_address>0xc60c</load_address>
         <run_address>0xc60c</run_address>
         <size>0x2c</size>
         <input_file_ref idref="fl-6"/>
      </object_component>
      <object_component id="oc-b5">
         <name>.text</name>
         <load_address>0xc638</load_address>
         <run_address>0xc638</run_address>
         <size>0x2c</size>
         <input_file_ref idref="fl-3e"/>
      </object_component>
      <object_component id="oc-ed">
         <name>.text:USCIAB0RX_ISR</name>
         <load_address>0xc664</load_address>
         <run_address>0xc664</run_address>
         <size>0x2a</size>
         <input_file_ref idref="fl-6"/>
      </object_component>
      <object_component id="oc-204">
         <name>.text:ProcessEvents</name>
         <load_address>0xc68e</load_address>
         <run_address>0xc68e</run_address>
         <size>0x26</size>
         <input_file_ref idref="fl-8"/>
      </object_component>
      <object_component id="oc-332">
         <name>.text:wiegand_get_card_number</name>
         <load_address>0xc6b4</load_address>
         <run_address>0xc6b4</run_address>
         <size>0x26</size>
         <input_file_ref idref="fl-a"/>
      </object_component>
      <object_component id="oc-21d">
         <name>.text:fsm</name>
         <load_address>0xc6da</load_address>
         <run_address>0xc6da</run_address>
         <size>0x24</size>
         <input_file_ref idref="fl-4"/>
      </object_component>
      <object_component id="oc-161">
         <name>.text:TAOI_handler</name>
         <load_address>0xc6fe</load_address>
         <run_address>0xc6fe</run_address>
         <size>0x22</size>
         <input_file_ref idref="fl-9"/>
      </object_component>
      <object_component id="oc-1ce">
         <name>.text:init_led</name>
         <load_address>0xc720</load_address>
         <run_address>0xc720</run_address>
         <size>0x22</size>
         <input_file_ref idref="fl-7"/>
      </object_component>
      <object_component id="oc-30c">
         <name>.text:trigger_door_to_open</name>
         <load_address>0xc742</load_address>
         <run_address>0xc742</run_address>
         <size>0x20</size>
         <input_file_ref idref="fl-3"/>
      </object_component>
      <object_component id="oc-210">
         <name>.text:PullQueue</name>
         <load_address>0xc762</load_address>
         <run_address>0xc762</run_address>
         <size>0x1e</size>
         <input_file_ref idref="fl-2"/>
      </object_component>
      <object_component id="oc-1b9">
         <name>.text:isr_card</name>
         <load_address>0xc780</load_address>
         <run_address>0xc780</run_address>
         <size>0x1e</size>
         <input_file_ref idref="fl-a"/>
      </object_component>
      <object_component id="oc-10b">
         <name>.text:_c_int00_noargs</name>
         <load_address>0xc79e</load_address>
         <run_address>0xc79e</run_address>
         <size>0x1c</size>
         <input_file_ref idref="fl-31"/>
      </object_component>
      <object_component id="oc-e7">
         <name>.text:USCIAB0TX_ISR</name>
         <load_address>0xc7ba</load_address>
         <run_address>0xc7ba</run_address>
         <size>0x1a</size>
         <input_file_ref idref="fl-6"/>
      </object_component>
      <object_component id="oc-321">
         <name>.text:blink_led</name>
         <load_address>0xc7d4</load_address>
         <run_address>0xc7d4</run_address>
         <size>0x16</size>
         <input_file_ref idref="fl-5"/>
      </object_component>
      <object_component id="oc-15a">
         <name>.text:i2c_eint</name>
         <load_address>0xc7ea</load_address>
         <run_address>0xc7ea</run_address>
         <size>0x16</size>
         <input_file_ref idref="fl-6"/>
      </object_component>
      <object_component id="oc-1e6">
         <name>.text:init_door</name>
         <load_address>0xc800</load_address>
         <run_address>0xc800</run_address>
         <size>0x16</size>
         <input_file_ref idref="fl-3"/>
      </object_component>
      <object_component id="oc-2a3">
         <name>.text</name>
         <load_address>0xc816</load_address>
         <run_address>0xc816</run_address>
         <size>0x16</size>
         <input_file_ref idref="fl-25"/>
      </object_component>
      <object_component id="oc-2af">
         <name>.text:Timer_Get_Status</name>
         <load_address>0xc82c</load_address>
         <run_address>0xc82c</run_address>
         <size>0x14</size>
         <input_file_ref idref="fl-9"/>
      </object_component>
      <object_component id="oc-f9">
         <name>.text:decompress:ZI:__TI_zero_init_nomemset:__TI_zero_init_nomemset</name>
         <load_address>0xc840</load_address>
         <run_address>0xc840</run_address>
         <size>0x14</size>
         <input_file_ref idref="fl-33"/>
      </object_component>
      <object_component id="oc-1f2">
         <name>.text:QueueInit</name>
         <load_address>0xc854</load_address>
         <run_address>0xc854</run_address>
         <size>0x12</size>
         <input_file_ref idref="fl-2"/>
      </object_component>
      <object_component id="oc-388">
         <name>.text:Timer_Set_Delay</name>
         <load_address>0xc866</load_address>
         <run_address>0xc866</run_address>
         <size>0x12</size>
         <input_file_ref idref="fl-9"/>
      </object_component>
      <object_component id="oc-3a">
         <name>.text:decompress:none:__TI_decompress_none</name>
         <load_address>0xc878</load_address>
         <run_address>0xc878</run_address>
         <size>0x12</size>
         <input_file_ref idref="fl-38"/>
      </object_component>
      <object_component id="oc-1da">
         <name>.text:init_timer</name>
         <load_address>0xc88a</load_address>
         <run_address>0xc88a</run_address>
         <size>0x12</size>
         <input_file_ref idref="fl-9"/>
      </object_component>
      <object_component id="oc-1b3">
         <name>.text:isr_door</name>
         <load_address>0xc89c</load_address>
         <run_address>0xc89c</run_address>
         <size>0x12</size>
         <input_file_ref idref="fl-3"/>
      </object_component>
      <object_component id="oc-cf">
         <name>.text:memcpy</name>
         <load_address>0xc8ae</load_address>
         <run_address>0xc8ae</run_address>
         <size>0x12</size>
         <input_file_ref idref="fl-3d"/>
      </object_component>
      <object_component id="oc-374">
         <name>.text:trigger_door_to_close</name>
         <load_address>0xc8c0</load_address>
         <run_address>0xc8c0</run_address>
         <size>0x12</size>
         <input_file_ref idref="fl-3"/>
      </object_component>
      <object_component id="oc-bf">
         <name>.text</name>
         <load_address>0xc8d2</load_address>
         <run_address>0xc8d2</run_address>
         <size>0x10</size>
         <input_file_ref idref="fl-26"/>
      </object_component>
      <object_component id="oc-312">
         <name>.text:do_nothing</name>
         <load_address>0xc8e2</load_address>
         <run_address>0xc8e2</run_address>
         <size>0xe</size>
         <input_file_ref idref="fl-5"/>
      </object_component>
      <object_component id="oc-1d4">
         <name>.text:init_wiegand</name>
         <load_address>0xc8f0</load_address>
         <run_address>0xc8f0</run_address>
         <size>0xe</size>
         <input_file_ref idref="fl-a"/>
      </object_component>
      <object_component id="oc-2a9">
         <name>.text:wiegand_get_status</name>
         <load_address>0xc8fe</load_address>
         <run_address>0xc8fe</run_address>
         <size>0xc</size>
         <input_file_ref idref="fl-a"/>
      </object_component>
      <object_component id="oc-37a">
         <name>.text:Extend_open_delay</name>
         <load_address>0xc90a</load_address>
         <run_address>0xc90a</run_address>
         <size>0xa</size>
         <input_file_ref idref="fl-3"/>
      </object_component>
      <object_component id="oc-1ec">
         <name>.text:led_off</name>
         <load_address>0xc914</load_address>
         <run_address>0xc914</run_address>
         <size>0xa</size>
         <input_file_ref idref="fl-7"/>
      </object_component>
      <object_component id="oc-dc">
         <name>.text:_isr:__TI_ISR_TRAP</name>
         <load_address>0xc91e</load_address>
         <run_address>0xc91e</run_address>
         <size>0x8</size>
         <input_file_ref idref="fl-30"/>
      </object_component>
      <object_component id="oc-1f8">
         <name>.text:set_init_state</name>
         <load_address>0xc926</load_address>
         <run_address>0xc926</run_address>
         <size>0x8</size>
         <input_file_ref idref="fl-5"/>
      </object_component>
      <object_component id="oc-27e">
         <name>.text:CloseDoor</name>
         <load_address>0xc92e</load_address>
         <run_address>0xc92e</run_address>
         <size>0x6</size>
         <input_file_ref idref="fl-3"/>
      </object_component>
      <object_component id="oc-382">
         <name>.text:OpenDoor</name>
         <load_address>0xc934</load_address>
         <run_address>0xc934</run_address>
         <size>0x6</size>
         <input_file_ref idref="fl-3"/>
      </object_component>
      <object_component id="oc-20a">
         <name>.text:QueueStatus</name>
         <load_address>0xc93a</load_address>
         <run_address>0xc93a</run_address>
         <size>0x6</size>
         <input_file_ref idref="fl-2"/>
      </object_component>
      <object_component id="oc-22a">
         <name>.text:abort</name>
         <load_address>0xc940</load_address>
         <run_address>0xc940</run_address>
         <size>0x6</size>
         <input_file_ref idref="fl-3a"/>
      </object_component>
      <object_component id="oc-217">
         <name>.text:get_state</name>
         <load_address>0xc946</load_address>
         <run_address>0xc946</run_address>
         <size>0x6</size>
         <input_file_ref idref="fl-5"/>
      </object_component>
      <object_component id="oc-223">
         <name>.text:store_state</name>
         <load_address>0xc94c</load_address>
         <run_address>0xc94c</run_address>
         <size>0x6</size>
         <input_file_ref idref="fl-5"/>
      </object_component>
      <object_component id="oc-170">
         <name>.text:_system_pre_init</name>
         <load_address>0xc952</load_address>
         <run_address>0xc952</run_address>
         <size>0x4</size>
         <input_file_ref idref="fl-36"/>
      </object_component>
      <object_component id="oc-2db">
         <name>.text:_system_post_cinit</name>
         <load_address>0xc956</load_address>
         <run_address>0xc956</run_address>
         <size>0x2</size>
         <input_file_ref idref="fl-37"/>
      </object_component>
      <object_component id="oc-420">
         <name>.cinit..data.load</name>
         <load_address>0xc958</load_address>
         <run_address>0xc958</run_address>
         <size>0x49</size>
      </object_component>
      <object_component id="oc-41d">
         <name>__TI_handler_table</name>
         <load_address>0xc9a2</load_address>
         <run_address>0xc9a2</run_address>
         <size>0x6</size>
      </object_component>
      <object_component id="oc-41f">
         <name>.cinit..bss.load</name>
         <load_address>0xc9a8</load_address>
         <run_address>0xc9a8</run_address>
         <size>0x4</size>
      </object_component>
      <object_component id="oc-41e">
         <name>__TI_cinit_table</name>
         <load_address>0xc9ac</load_address>
         <run_address>0xc9ac</run_address>
         <size>0x8</size>
      </object_component>
      <object_component id="oc-3df">
         <name>.binit</name>
         <load_address>0xc000</load_address>
         <run_address>0xc000</run_address>
         <size>0x0</size>
      </object_component>
      <object_component id="oc-40">
         <name>.int00</name>
         <load_address>0xffe0</load_address>
         <run_address>0xffe0</run_address>
         <size>0x2</size>
         <input_file_ref idref="fl-27"/>
      </object_component>
      <object_component id="oc-41">
         <name>.int02</name>
         <load_address>0xffe4</load_address>
         <run_address>0xffe4</run_address>
         <size>0x2</size>
         <input_file_ref idref="fl-a"/>
      </object_component>
      <object_component id="oc-42">
         <name>.int03</name>
         <load_address>0xffe6</load_address>
         <run_address>0xffe6</run_address>
         <size>0x2</size>
         <input_file_ref idref="fl-28"/>
      </object_component>
      <object_component id="oc-43">
         <name>.int05</name>
         <load_address>0xffea</load_address>
         <run_address>0xffea</run_address>
         <size>0x2</size>
         <input_file_ref idref="fl-29"/>
      </object_component>
      <object_component id="oc-44">
         <name>.int06</name>
         <load_address>0xffec</load_address>
         <run_address>0xffec</run_address>
         <size>0x2</size>
         <input_file_ref idref="fl-6"/>
      </object_component>
      <object_component id="oc-45">
         <name>.int07</name>
         <load_address>0xffee</load_address>
         <run_address>0xffee</run_address>
         <size>0x2</size>
         <input_file_ref idref="fl-6"/>
      </object_component>
      <object_component id="oc-46">
         <name>.int08</name>
         <load_address>0xfff0</load_address>
         <run_address>0xfff0</run_address>
         <size>0x2</size>
         <input_file_ref idref="fl-9"/>
      </object_component>
      <object_component id="oc-47">
         <name>.int09</name>
         <load_address>0xfff2</load_address>
         <run_address>0xfff2</run_address>
         <size>0x2</size>
         <input_file_ref idref="fl-2a"/>
      </object_component>
      <object_component id="oc-48">
         <name>.int10</name>
         <load_address>0xfff4</load_address>
         <run_address>0xfff4</run_address>
         <size>0x2</size>
         <input_file_ref idref="fl-2b"/>
      </object_component>
      <object_component id="oc-49">
         <name>.int11</name>
         <load_address>0xfff6</load_address>
         <run_address>0xfff6</run_address>
         <size>0x2</size>
         <input_file_ref idref="fl-2c"/>
      </object_component>
      <object_component id="oc-4a">
         <name>.int12</name>
         <load_address>0xfff8</load_address>
         <run_address>0xfff8</run_address>
         <size>0x2</size>
         <input_file_ref idref="fl-2d"/>
      </object_component>
      <object_component id="oc-4b">
         <name>.int13</name>
         <load_address>0xfffa</load_address>
         <run_address>0xfffa</run_address>
         <size>0x2</size>
         <input_file_ref idref="fl-2e"/>
      </object_component>
      <object_component id="oc-4c">
         <name>.int14</name>
         <load_address>0xfffc</load_address>
         <run_address>0xfffc</run_address>
         <size>0x2</size>
         <input_file_ref idref="fl-2f"/>
      </object_component>
      <object_component id="oc-b4">
         <name>.reset</name>
         <load_address>0xfffe</load_address>
         <run_address>0xfffe</run_address>
         <size>0x2</size>
         <input_file_ref idref="fl-31"/>
      </object_component>
      <object_component id="oc-2fc">
         <name>.debug_info</name>
         <load_address>0x0</load_address>
         <run_address>0x0</run_address>
         <size>0x1bb</size>
         <input_file_ref idref="fl-1"/>
      </object_component>
      <object_component id="oc-391">
         <name>.debug_info</name>
         <load_address>0x1bb</load_address>
         <run_address>0x1bb</run_address>
         <size>0x1a4</size>
         <input_file_ref idref="fl-1"/>
      </object_component>
      <object_component id="oc-3d1">
         <name>.debug_info</name>
         <load_address>0x35f</load_address>
         <run_address>0x35f</run_address>
         <size>0x1a2</size>
         <input_file_ref idref="fl-1"/>
      </object_component>
      <object_component id="oc-26b">
         <name>.debug_info</name>
         <load_address>0x501</load_address>
         <run_address>0x501</run_address>
         <size>0xae</size>
         <input_file_ref idref="fl-1"/>
      </object_component>
      <object_component id="oc-ca">
         <name>.debug_info</name>
         <load_address>0x5af</load_address>
         <run_address>0x5af</run_address>
         <size>0x84</size>
         <input_file_ref idref="fl-1"/>
      </object_component>
      <object_component id="oc-1a4">
         <name>.debug_info</name>
         <load_address>0x633</load_address>
         <run_address>0x633</run_address>
         <size>0x60</size>
         <input_file_ref idref="fl-1"/>
      </object_component>
      <object_component id="oc-306">
         <name>.debug_info</name>
         <load_address>0x693</load_address>
         <run_address>0x693</run_address>
         <size>0x135</size>
         <input_file_ref idref="fl-2"/>
      </object_component>
      <object_component id="oc-296">
         <name>.debug_info</name>
         <load_address>0x7c8</load_address>
         <run_address>0x7c8</run_address>
         <size>0xcb</size>
         <input_file_ref idref="fl-2"/>
      </object_component>
      <object_component id="oc-299">
         <name>.debug_info</name>
         <load_address>0x893</load_address>
         <run_address>0x893</run_address>
         <size>0xf5</size>
         <input_file_ref idref="fl-2"/>
      </object_component>
      <object_component id="oc-20b">
         <name>.debug_info</name>
         <load_address>0x988</load_address>
         <run_address>0x988</run_address>
         <size>0x108</size>
         <input_file_ref idref="fl-2"/>
      </object_component>
      <object_component id="oc-1f3">
         <name>.debug_info</name>
         <load_address>0xa90</load_address>
         <run_address>0xa90</run_address>
         <size>0x100</size>
         <input_file_ref idref="fl-2"/>
      </object_component>
      <object_component id="oc-2b6">
         <name>.debug_info</name>
         <load_address>0xb90</load_address>
         <run_address>0xb90</run_address>
         <size>0x126</size>
         <input_file_ref idref="fl-2"/>
      </object_component>
      <object_component id="oc-211">
         <name>.debug_info</name>
         <load_address>0xcb6</load_address>
         <run_address>0xcb6</run_address>
         <size>0x104</size>
         <input_file_ref idref="fl-2"/>
      </object_component>
      <object_component id="oc-27c">
         <name>.debug_info</name>
         <load_address>0xdba</load_address>
         <run_address>0xdba</run_address>
         <size>0xd1</size>
         <input_file_ref idref="fl-3"/>
      </object_component>
      <object_component id="oc-383">
         <name>.debug_info</name>
         <load_address>0xe8b</load_address>
         <run_address>0xe8b</run_address>
         <size>0xf8</size>
         <input_file_ref idref="fl-3"/>
      </object_component>
      <object_component id="oc-30d">
         <name>.debug_info</name>
         <load_address>0xf83</load_address>
         <run_address>0xf83</run_address>
         <size>0x145</size>
         <input_file_ref idref="fl-3"/>
      </object_component>
      <object_component id="oc-375">
         <name>.debug_info</name>
         <load_address>0x10c8</load_address>
         <run_address>0x10c8</run_address>
         <size>0x12f</size>
         <input_file_ref idref="fl-3"/>
      </object_component>
      <object_component id="oc-27f">
         <name>.debug_info</name>
         <load_address>0x11f7</load_address>
         <run_address>0x11f7</run_address>
         <size>0xfa</size>
         <input_file_ref idref="fl-3"/>
      </object_component>
      <object_component id="oc-1b4">
         <name>.debug_info</name>
         <load_address>0x12f1</load_address>
         <run_address>0x12f1</run_address>
         <size>0x108</size>
         <input_file_ref idref="fl-3"/>
      </object_component>
      <object_component id="oc-1e7">
         <name>.debug_info</name>
         <load_address>0x13f9</load_address>
         <run_address>0x13f9</run_address>
         <size>0xfa</size>
         <input_file_ref idref="fl-3"/>
      </object_component>
      <object_component id="oc-37b">
         <name>.debug_info</name>
         <load_address>0x14f3</load_address>
         <run_address>0x14f3</run_address>
         <size>0x120</size>
         <input_file_ref idref="fl-3"/>
      </object_component>
      <object_component id="oc-2c7">
         <name>.debug_info</name>
         <load_address>0x1613</load_address>
         <run_address>0x1613</run_address>
         <size>0x12c</size>
         <input_file_ref idref="fl-4"/>
      </object_component>
      <object_component id="oc-21e">
         <name>.debug_info</name>
         <load_address>0x173f</load_address>
         <run_address>0x173f</run_address>
         <size>0x186</size>
         <input_file_ref idref="fl-4"/>
      </object_component>
      <object_component id="oc-288">
         <name>.debug_info</name>
         <load_address>0x18c5</load_address>
         <run_address>0x18c5</run_address>
         <size>0x83</size>
         <input_file_ref idref="fl-4"/>
      </object_component>
      <object_component id="oc-2c5">
         <name>.debug_info</name>
         <load_address>0x1948</load_address>
         <run_address>0x1948</run_address>
         <size>0x317</size>
         <input_file_ref idref="fl-5"/>
      </object_component>
      <object_component id="oc-2a0">
         <name>.debug_info</name>
         <load_address>0x1c5f</load_address>
         <run_address>0x1c5f</run_address>
         <size>0xcf</size>
         <input_file_ref idref="fl-5"/>
      </object_component>
      <object_component id="oc-29d">
         <name>.debug_info</name>
         <load_address>0x1d2e</load_address>
         <run_address>0x1d2e</run_address>
         <size>0xce</size>
         <input_file_ref idref="fl-5"/>
      </object_component>
      <object_component id="oc-30a">
         <name>.debug_info</name>
         <load_address>0x1dfc</load_address>
         <run_address>0x1dfc</run_address>
         <size>0xde</size>
         <input_file_ref idref="fl-5"/>
      </object_component>
      <object_component id="oc-31f">
         <name>.debug_info</name>
         <load_address>0x1eda</load_address>
         <run_address>0x1eda</run_address>
         <size>0xdc</size>
         <input_file_ref idref="fl-5"/>
      </object_component>
      <object_component id="oc-328">
         <name>.debug_info</name>
         <load_address>0x1fb6</load_address>
         <run_address>0x1fb6</run_address>
         <size>0xd6</size>
         <input_file_ref idref="fl-5"/>
      </object_component>
      <object_component id="oc-224">
         <name>.debug_info</name>
         <load_address>0x208c</load_address>
         <run_address>0x208c</run_address>
         <size>0x148</size>
         <input_file_ref idref="fl-5"/>
      </object_component>
      <object_component id="oc-1f9">
         <name>.debug_info</name>
         <load_address>0x21d4</load_address>
         <run_address>0x21d4</run_address>
         <size>0x110</size>
         <input_file_ref idref="fl-5"/>
      </object_component>
      <object_component id="oc-3aa">
         <name>.debug_info</name>
         <load_address>0x22e4</load_address>
         <run_address>0x22e4</run_address>
         <size>0x1b6</size>
         <input_file_ref idref="fl-5"/>
      </object_component>
      <object_component id="oc-339">
         <name>.debug_info</name>
         <load_address>0x249a</load_address>
         <run_address>0x249a</run_address>
         <size>0x1ad</size>
         <input_file_ref idref="fl-5"/>
      </object_component>
      <object_component id="oc-218">
         <name>.debug_info</name>
         <load_address>0x2647</load_address>
         <run_address>0x2647</run_address>
         <size>0x10a</size>
         <input_file_ref idref="fl-5"/>
      </object_component>
      <object_component id="oc-319">
         <name>.debug_info</name>
         <load_address>0x2751</load_address>
         <run_address>0x2751</run_address>
         <size>0x153</size>
         <input_file_ref idref="fl-5"/>
      </object_component>
      <object_component id="oc-3c9">
         <name>.debug_info</name>
         <load_address>0x28a4</load_address>
         <run_address>0x28a4</run_address>
         <size>0x1a7</size>
         <input_file_ref idref="fl-5"/>
      </object_component>
      <object_component id="oc-398">
         <name>.debug_info</name>
         <load_address>0x2a4b</load_address>
         <run_address>0x2a4b</run_address>
         <size>0x1b0</size>
         <input_file_ref idref="fl-5"/>
      </object_component>
      <object_component id="oc-313">
         <name>.debug_info</name>
         <load_address>0x2bfb</load_address>
         <run_address>0x2bfb</run_address>
         <size>0x124</size>
         <input_file_ref idref="fl-5"/>
      </object_component>
      <object_component id="oc-322">
         <name>.debug_info</name>
         <load_address>0x2d1f</load_address>
         <run_address>0x2d1f</run_address>
         <size>0x12c</size>
         <input_file_ref idref="fl-5"/>
      </object_component>
      <object_component id="oc-3a1">
         <name>.debug_info</name>
         <load_address>0x2e4b</load_address>
         <run_address>0x2e4b</run_address>
         <size>0x1c2</size>
         <input_file_ref idref="fl-5"/>
      </object_component>
      <object_component id="oc-2bc">
         <name>.debug_info</name>
         <load_address>0x300d</load_address>
         <run_address>0x300d</run_address>
         <size>0x185</size>
         <input_file_ref idref="fl-5"/>
      </object_component>
      <object_component id="oc-3d8">
         <name>.debug_info</name>
         <load_address>0x3192</load_address>
         <run_address>0x3192</run_address>
         <size>0x2cb</size>
         <input_file_ref idref="fl-6"/>
      </object_component>
      <object_component id="oc-19e">
         <name>.debug_info</name>
         <load_address>0x345d</load_address>
         <run_address>0x345d</run_address>
         <size>0xcd</size>
         <input_file_ref idref="fl-6"/>
      </object_component>
      <object_component id="oc-1a1">
         <name>.debug_info</name>
         <load_address>0x352a</load_address>
         <run_address>0x352a</run_address>
         <size>0xe0</size>
         <input_file_ref idref="fl-6"/>
      </object_component>
      <object_component id="oc-3c2">
         <name>.debug_info</name>
         <load_address>0x360a</load_address>
         <run_address>0x360a</run_address>
         <size>0x1ae</size>
         <input_file_ref idref="fl-6"/>
      </object_component>
      <object_component id="oc-1e1">
         <name>.debug_info</name>
         <load_address>0x37b8</load_address>
         <run_address>0x37b8</run_address>
         <size>0xf5</size>
         <input_file_ref idref="fl-6"/>
      </object_component>
      <object_component id="oc-154">
         <name>.debug_info</name>
         <load_address>0x38ad</load_address>
         <run_address>0x38ad</run_address>
         <size>0xf6</size>
         <input_file_ref idref="fl-6"/>
      </object_component>
      <object_component id="oc-e8">
         <name>.debug_info</name>
         <load_address>0x39a3</load_address>
         <run_address>0x39a3</run_address>
         <size>0x10e</size>
         <input_file_ref idref="fl-6"/>
      </object_component>
      <object_component id="oc-15b">
         <name>.debug_info</name>
         <load_address>0x3ab1</load_address>
         <run_address>0x3ab1</run_address>
         <size>0xf8</size>
         <input_file_ref idref="fl-6"/>
      </object_component>
      <object_component id="oc-ee">
         <name>.debug_info</name>
         <load_address>0x3ba9</load_address>
         <run_address>0x3ba9</run_address>
         <size>0x10f</size>
         <input_file_ref idref="fl-6"/>
      </object_component>
      <object_component id="oc-275">
         <name>.debug_info</name>
         <load_address>0x3cb8</load_address>
         <run_address>0x3cb8</run_address>
         <size>0x116</size>
         <input_file_ref idref="fl-7"/>
      </object_component>
      <object_component id="oc-278">
         <name>.debug_info</name>
         <load_address>0x3dce</load_address>
         <run_address>0x3dce</run_address>
         <size>0x120</size>
         <input_file_ref idref="fl-7"/>
      </object_component>
      <object_component id="oc-1ed">
         <name>.debug_info</name>
         <load_address>0x3eee</load_address>
         <run_address>0x3eee</run_address>
         <size>0x125</size>
         <input_file_ref idref="fl-7"/>
      </object_component>
      <object_component id="oc-1ae">
         <name>.debug_info</name>
         <load_address>0x4013</load_address>
         <run_address>0x4013</run_address>
         <size>0xf3</size>
         <input_file_ref idref="fl-7"/>
      </object_component>
      <object_component id="oc-1cf">
         <name>.debug_info</name>
         <load_address>0x4106</load_address>
         <run_address>0x4106</run_address>
         <size>0xf5</size>
         <input_file_ref idref="fl-7"/>
      </object_component>
      <object_component id="oc-1ff">
         <name>.debug_info</name>
         <load_address>0x41fb</load_address>
         <run_address>0x41fb</run_address>
         <size>0x195</size>
         <input_file_ref idref="fl-7"/>
      </object_component>
      <object_component id="oc-1c4">
         <name>.debug_info</name>
         <load_address>0x4390</load_address>
         <run_address>0x4390</run_address>
         <size>0x680</size>
         <input_file_ref idref="fl-8"/>
      </object_component>
      <object_component id="oc-1ca">
         <name>.debug_info</name>
         <load_address>0x4a10</load_address>
         <run_address>0x4a10</run_address>
         <size>0xca</size>
         <input_file_ref idref="fl-8"/>
      </object_component>
      <object_component id="oc-205">
         <name>.debug_info</name>
         <load_address>0x4ada</load_address>
         <run_address>0x4ada</run_address>
         <size>0x175</size>
         <input_file_ref idref="fl-8"/>
      </object_component>
      <object_component id="oc-177">
         <name>.debug_info</name>
         <load_address>0x4c4f</load_address>
         <run_address>0x4c4f</run_address>
         <size>0x1f3</size>
         <input_file_ref idref="fl-8"/>
      </object_component>
      <object_component id="oc-1ab">
         <name>.debug_info</name>
         <load_address>0x4e42</load_address>
         <run_address>0x4e42</run_address>
         <size>0xf0</size>
         <input_file_ref idref="fl-9"/>
      </object_component>
      <object_component id="oc-162">
         <name>.debug_info</name>
         <load_address>0x4f32</load_address>
         <run_address>0x4f32</run_address>
         <size>0x12f</size>
         <input_file_ref idref="fl-9"/>
      </object_component>
      <object_component id="oc-f4">
         <name>.debug_info</name>
         <load_address>0x5061</load_address>
         <run_address>0x5061</run_address>
         <size>0x124</size>
         <input_file_ref idref="fl-9"/>
      </object_component>
      <object_component id="oc-1db">
         <name>.debug_info</name>
         <load_address>0x5185</load_address>
         <run_address>0x5185</run_address>
         <size>0xff</size>
         <input_file_ref idref="fl-9"/>
      </object_component>
      <object_component id="oc-389">
         <name>.debug_info</name>
         <load_address>0x5284</load_address>
         <run_address>0x5284</run_address>
         <size>0x12c</size>
         <input_file_ref idref="fl-9"/>
      </object_component>
      <object_component id="oc-2b0">
         <name>.debug_info</name>
         <load_address>0x53b0</load_address>
         <run_address>0x53b0</run_address>
         <size>0x10f</size>
         <input_file_ref idref="fl-9"/>
      </object_component>
      <object_component id="oc-150">
         <name>.debug_info</name>
         <load_address>0x54bf</load_address>
         <run_address>0x54bf</run_address>
         <size>0x12a</size>
         <input_file_ref idref="fl-a"/>
      </object_component>
      <object_component id="oc-2aa">
         <name>.debug_info</name>
         <load_address>0x55e9</load_address>
         <run_address>0x55e9</run_address>
         <size>0x119</size>
         <input_file_ref idref="fl-a"/>
      </object_component>
      <object_component id="oc-333">
         <name>.debug_info</name>
         <load_address>0x5702</load_address>
         <run_address>0x5702</run_address>
         <size>0x123</size>
         <input_file_ref idref="fl-a"/>
      </object_component>
      <object_component id="oc-e2">
         <name>.debug_info</name>
         <load_address>0x5825</load_address>
         <run_address>0x5825</run_address>
         <size>0x108</size>
         <input_file_ref idref="fl-a"/>
      </object_component>
      <object_component id="oc-1ba">
         <name>.debug_info</name>
         <load_address>0x592d</load_address>
         <run_address>0x592d</run_address>
         <size>0x101</size>
         <input_file_ref idref="fl-a"/>
      </object_component>
      <object_component id="oc-1d5">
         <name>.debug_info</name>
         <load_address>0x5a2e</load_address>
         <run_address>0x5a2e</run_address>
         <size>0x109</size>
         <input_file_ref idref="fl-a"/>
      </object_component>
      <object_component id="oc-2a4">
         <name>.debug_info</name>
         <load_address>0x5b37</load_address>
         <run_address>0x5b37</run_address>
         <size>0x119</size>
         <input_file_ref idref="fl-25"/>
      </object_component>
      <object_component id="oc-c0">
         <name>.debug_info</name>
         <load_address>0x5c50</load_address>
         <run_address>0x5c50</run_address>
         <size>0x126</size>
         <input_file_ref idref="fl-26"/>
      </object_component>
      <object_component id="oc-dd">
         <name>.debug_info</name>
         <load_address>0x5d76</load_address>
         <run_address>0x5d76</run_address>
         <size>0x107</size>
         <input_file_ref idref="fl-30"/>
      </object_component>
      <object_component id="oc-b2">
         <name>.debug_info</name>
         <load_address>0x5e7d</load_address>
         <run_address>0x5e7d</run_address>
         <size>0xf5</size>
         <input_file_ref idref="fl-31"/>
      </object_component>
      <object_component id="oc-10c">
         <name>.debug_info</name>
         <load_address>0x5f72</load_address>
         <run_address>0x5f72</run_address>
         <size>0x16f</size>
         <input_file_ref idref="fl-31"/>
      </object_component>
      <object_component id="oc-2e2">
         <name>.debug_info</name>
         <load_address>0x60e1</load_address>
         <run_address>0x60e1</run_address>
         <size>0x472</size>
         <input_file_ref idref="fl-32"/>
      </object_component>
      <object_component id="oc-237">
         <name>.debug_info</name>
         <load_address>0x6553</load_address>
         <run_address>0x6553</run_address>
         <size>0x1d5</size>
         <input_file_ref idref="fl-32"/>
      </object_component>
      <object_component id="oc-35a">
         <name>.debug_info</name>
         <load_address>0x6728</load_address>
         <run_address>0x6728</run_address>
         <size>0x39</size>
         <input_file_ref idref="fl-32"/>
      </object_component>
      <object_component id="oc-36b">
         <name>.debug_info</name>
         <load_address>0x6761</load_address>
         <run_address>0x6761</run_address>
         <size>0x2c</size>
         <input_file_ref idref="fl-32"/>
      </object_component>
      <object_component id="oc-2ed">
         <name>.debug_info</name>
         <load_address>0x678d</load_address>
         <run_address>0x678d</run_address>
         <size>0x2c</size>
         <input_file_ref idref="fl-32"/>
      </object_component>
      <object_component id="oc-35f">
         <name>.debug_info</name>
         <load_address>0x67b9</load_address>
         <run_address>0x67b9</run_address>
         <size>0xcd</size>
         <input_file_ref idref="fl-32"/>
      </object_component>
      <object_component id="oc-16e">
         <name>.debug_info</name>
         <load_address>0x6886</load_address>
         <run_address>0x6886</run_address>
         <size>0x1b4</size>
         <input_file_ref idref="fl-33"/>
      </object_component>
      <object_component id="oc-fa">
         <name>.debug_info</name>
         <load_address>0x6a3a</load_address>
         <run_address>0x6a3a</run_address>
         <size>0x1c7</size>
         <input_file_ref idref="fl-33"/>
      </object_component>
      <object_component id="oc-169">
         <name>.debug_info</name>
         <load_address>0x6c01</load_address>
         <run_address>0x6c01</run_address>
         <size>0x46</size>
         <input_file_ref idref="fl-33"/>
      </object_component>
      <object_component id="oc-142">
         <name>.debug_info</name>
         <load_address>0x6c47</load_address>
         <run_address>0x6c47</run_address>
         <size>0x2c</size>
         <input_file_ref idref="fl-33"/>
      </object_component>
      <object_component id="oc-171">
         <name>.debug_info</name>
         <load_address>0x6c73</load_address>
         <run_address>0x6c73</run_address>
         <size>0x148</size>
         <input_file_ref idref="fl-36"/>
      </object_component>
      <object_component id="oc-2dc">
         <name>.debug_info</name>
         <load_address>0x6dbb</load_address>
         <run_address>0x6dbb</run_address>
         <size>0x145</size>
         <input_file_ref idref="fl-37"/>
      </object_component>
      <object_component id="oc-db">
         <name>.debug_info</name>
         <load_address>0x6f00</load_address>
         <run_address>0x6f00</run_address>
         <size>0x175</size>
         <input_file_ref idref="fl-38"/>
      </object_component>
      <object_component id="oc-3b">
         <name>.debug_info</name>
         <load_address>0x7075</load_address>
         <run_address>0x7075</run_address>
         <size>0x1df</size>
         <input_file_ref idref="fl-38"/>
      </object_component>
      <object_component id="oc-d6">
         <name>.debug_info</name>
         <load_address>0x7254</load_address>
         <run_address>0x7254</run_address>
         <size>0x46</size>
         <input_file_ref idref="fl-38"/>
      </object_component>
      <object_component id="oc-147">
         <name>.debug_info</name>
         <load_address>0x729a</load_address>
         <run_address>0x729a</run_address>
         <size>0x2c</size>
         <input_file_ref idref="fl-38"/>
      </object_component>
      <object_component id="oc-13f">
         <name>.debug_info</name>
         <load_address>0x72c6</load_address>
         <run_address>0x72c6</run_address>
         <size>0x16b</size>
         <input_file_ref idref="fl-39"/>
      </object_component>
      <object_component id="oc-35">
         <name>.debug_info</name>
         <load_address>0x7431</load_address>
         <run_address>0x7431</run_address>
         <size>0x287</size>
         <input_file_ref idref="fl-39"/>
      </object_component>
      <object_component id="oc-c5">
         <name>.debug_info</name>
         <load_address>0x76b8</load_address>
         <run_address>0x76b8</run_address>
         <size>0x60</size>
         <input_file_ref idref="fl-39"/>
      </object_component>
      <object_component id="oc-192">
         <name>.debug_info</name>
         <load_address>0x7718</load_address>
         <run_address>0x7718</run_address>
         <size>0x46</size>
         <input_file_ref idref="fl-39"/>
      </object_component>
      <object_component id="oc-13a">
         <name>.debug_info</name>
         <load_address>0x775e</load_address>
         <run_address>0x775e</run_address>
         <size>0x39</size>
         <input_file_ref idref="fl-39"/>
      </object_component>
      <object_component id="oc-22b">
         <name>.debug_info</name>
         <load_address>0x7797</load_address>
         <run_address>0x7797</run_address>
         <size>0x117</size>
         <input_file_ref idref="fl-3a"/>
      </object_component>
      <object_component id="oc-141">
         <name>.debug_info</name>
         <load_address>0x78ae</load_address>
         <run_address>0x78ae</run_address>
         <size>0x176</size>
         <input_file_ref idref="fl-3d"/>
      </object_component>
      <object_component id="oc-d0">
         <name>.debug_info</name>
         <load_address>0x7a24</load_address>
         <run_address>0x7a24</run_address>
         <size>0x16f</size>
         <input_file_ref idref="fl-3d"/>
      </object_component>
      <object_component id="oc-b6">
         <name>.debug_info</name>
         <load_address>0x7b93</load_address>
         <run_address>0x7b93</run_address>
         <size>0x118</size>
         <input_file_ref idref="fl-3e"/>
      </object_component>
      <object_component id="oc-bb">
         <name>.debug_info</name>
         <load_address>0x7cab</load_address>
         <run_address>0x7cab</run_address>
         <size>0x118</size>
         <input_file_ref idref="fl-3f"/>
      </object_component>
      <object_component id="oc-422">
         <name>.debug_info</name>
         <load_address>0x7dc3</load_address>
         <run_address>0x7dc3</run_address>
         <size>0xa0</size>
      </object_component>
      <object_component id="oc-371">
         <name>.debug_line</name>
         <load_address>0x0</load_address>
         <run_address>0x0</run_address>
         <size>0x3a</size>
         <input_file_ref idref="fl-1"/>
      </object_component>
      <object_component id="oc-394">
         <name>.debug_line</name>
         <load_address>0x3a</load_address>
         <run_address>0x3a</run_address>
         <size>0x48</size>
         <input_file_ref idref="fl-1"/>
      </object_component>
      <object_component id="oc-3d4">
         <name>.debug_line</name>
         <load_address>0x82</load_address>
         <run_address>0x82</run_address>
         <size>0x48</size>
         <input_file_ref idref="fl-1"/>
      </object_component>
      <object_component id="oc-26e">
         <name>.debug_line</name>
         <load_address>0xca</load_address>
         <run_address>0xca</run_address>
         <size>0x2c</size>
         <input_file_ref idref="fl-1"/>
      </object_component>
      <object_component id="oc-cd">
         <name>.debug_line</name>
         <load_address>0xf6</load_address>
         <run_address>0xf6</run_address>
         <size>0x20</size>
         <input_file_ref idref="fl-1"/>
      </object_component>
      <object_component id="oc-1a7">
         <name>.debug_line</name>
         <load_address>0x116</load_address>
         <run_address>0x116</run_address>
         <size>0x31</size>
         <input_file_ref idref="fl-1"/>
      </object_component>
      <object_component id="oc-373">
         <name>.debug_line</name>
         <load_address>0x147</load_address>
         <run_address>0x147</run_address>
         <size>0x20</size>
         <input_file_ref idref="fl-2"/>
      </object_component>
      <object_component id="oc-305">
         <name>.debug_line</name>
         <load_address>0x167</load_address>
         <run_address>0x167</run_address>
         <size>0x2f</size>
         <input_file_ref idref="fl-2"/>
      </object_component>
      <object_component id="oc-308">
         <name>.debug_line</name>
         <load_address>0x196</load_address>
         <run_address>0x196</run_address>
         <size>0x2f</size>
         <input_file_ref idref="fl-2"/>
      </object_component>
      <object_component id="oc-20e">
         <name>.debug_line</name>
         <load_address>0x1c5</load_address>
         <run_address>0x1c5</run_address>
         <size>0x42</size>
         <input_file_ref idref="fl-2"/>
      </object_component>
      <object_component id="oc-1f6">
         <name>.debug_line</name>
         <load_address>0x207</load_address>
         <run_address>0x207</run_address>
         <size>0x44</size>
         <input_file_ref idref="fl-2"/>
      </object_component>
      <object_component id="oc-2b9">
         <name>.debug_line</name>
         <load_address>0x24b</load_address>
         <run_address>0x24b</run_address>
         <size>0x53</size>
         <input_file_ref idref="fl-2"/>
      </object_component>
      <object_component id="oc-214">
         <name>.debug_line</name>
         <load_address>0x29e</load_address>
         <run_address>0x29e</run_address>
         <size>0x4d</size>
         <input_file_ref idref="fl-2"/>
      </object_component>
      <object_component id="oc-302">
         <name>.debug_line</name>
         <load_address>0x2eb</load_address>
         <run_address>0x2eb</run_address>
         <size>0x2d</size>
         <input_file_ref idref="fl-3"/>
      </object_component>
      <object_component id="oc-386">
         <name>.debug_line</name>
         <load_address>0x318</load_address>
         <run_address>0x318</run_address>
         <size>0x40</size>
         <input_file_ref idref="fl-3"/>
      </object_component>
      <object_component id="oc-310">
         <name>.debug_line</name>
         <load_address>0x358</load_address>
         <run_address>0x358</run_address>
         <size>0x45</size>
         <input_file_ref idref="fl-3"/>
      </object_component>
      <object_component id="oc-378">
         <name>.debug_line</name>
         <load_address>0x39d</load_address>
         <run_address>0x39d</run_address>
         <size>0x45</size>
         <input_file_ref idref="fl-3"/>
      </object_component>
      <object_component id="oc-282">
         <name>.debug_line</name>
         <load_address>0x3e2</load_address>
         <run_address>0x3e2</run_address>
         <size>0x40</size>
         <input_file_ref idref="fl-3"/>
      </object_component>
      <object_component id="oc-1b7">
         <name>.debug_line</name>
         <load_address>0x422</load_address>
         <run_address>0x422</run_address>
         <size>0x46</size>
         <input_file_ref idref="fl-3"/>
      </object_component>
      <object_component id="oc-1ea">
         <name>.debug_line</name>
         <load_address>0x468</load_address>
         <run_address>0x468</run_address>
         <size>0x43</size>
         <input_file_ref idref="fl-3"/>
      </object_component>
      <object_component id="oc-37e">
         <name>.debug_line</name>
         <load_address>0x4ab</load_address>
         <run_address>0x4ab</run_address>
         <size>0x43</size>
         <input_file_ref idref="fl-3"/>
      </object_component>
      <object_component id="oc-342">
         <name>.debug_line</name>
         <load_address>0x4ee</load_address>
         <run_address>0x4ee</run_address>
         <size>0x20</size>
         <input_file_ref idref="fl-4"/>
      </object_component>
      <object_component id="oc-221">
         <name>.debug_line</name>
         <load_address>0x50e</load_address>
         <run_address>0x50e</run_address>
         <size>0x4a</size>
         <input_file_ref idref="fl-4"/>
      </object_component>
      <object_component id="oc-28b">
         <name>.debug_line</name>
         <load_address>0x558</load_address>
         <run_address>0x558</run_address>
         <size>0x2c</size>
         <input_file_ref idref="fl-4"/>
      </object_component>
      <object_component id="oc-340">
         <name>.debug_line</name>
         <load_address>0x584</load_address>
         <run_address>0x584</run_address>
         <size>0x66</size>
         <input_file_ref idref="fl-5"/>
      </object_component>
      <object_component id="oc-32d">
         <name>.debug_line</name>
         <load_address>0x5ea</load_address>
         <run_address>0x5ea</run_address>
         <size>0x31</size>
         <input_file_ref idref="fl-5"/>
      </object_component>
      <object_component id="oc-32b">
         <name>.debug_line</name>
         <load_address>0x61b</load_address>
         <run_address>0x61b</run_address>
         <size>0x31</size>
         <input_file_ref idref="fl-5"/>
      </object_component>
      <object_component id="oc-381">
         <name>.debug_line</name>
         <load_address>0x64c</load_address>
         <run_address>0x64c</run_address>
         <size>0x31</size>
         <input_file_ref idref="fl-5"/>
      </object_component>
      <object_component id="oc-39e">
         <name>.debug_line</name>
         <load_address>0x67d</load_address>
         <run_address>0x67d</run_address>
         <size>0x31</size>
         <input_file_ref idref="fl-5"/>
      </object_component>
      <object_component id="oc-3a7">
         <name>.debug_line</name>
         <load_address>0x6ae</load_address>
         <run_address>0x6ae</run_address>
         <size>0x31</size>
         <input_file_ref idref="fl-5"/>
      </object_component>
      <object_component id="oc-227">
         <name>.debug_line</name>
         <load_address>0x6df</load_address>
         <run_address>0x6df</run_address>
         <size>0x47</size>
         <input_file_ref idref="fl-5"/>
      </object_component>
      <object_component id="oc-1fc">
         <name>.debug_line</name>
         <load_address>0x726</load_address>
         <run_address>0x726</run_address>
         <size>0x47</size>
         <input_file_ref idref="fl-5"/>
      </object_component>
      <object_component id="oc-3ad">
         <name>.debug_line</name>
         <load_address>0x76d</load_address>
         <run_address>0x76d</run_address>
         <size>0x4a</size>
         <input_file_ref idref="fl-5"/>
      </object_component>
      <object_component id="oc-33c">
         <name>.debug_line</name>
         <load_address>0x7b7</load_address>
         <run_address>0x7b7</run_address>
         <size>0x55</size>
         <input_file_ref idref="fl-5"/>
      </object_component>
      <object_component id="oc-21b">
         <name>.debug_line</name>
         <load_address>0x80c</load_address>
         <run_address>0x80c</run_address>
         <size>0x47</size>
         <input_file_ref idref="fl-5"/>
      </object_component>
      <object_component id="oc-31c">
         <name>.debug_line</name>
         <load_address>0x853</load_address>
         <run_address>0x853</run_address>
         <size>0x54</size>
         <input_file_ref idref="fl-5"/>
      </object_component>
      <object_component id="oc-3cc">
         <name>.debug_line</name>
         <load_address>0x8a7</load_address>
         <run_address>0x8a7</run_address>
         <size>0x4a</size>
         <input_file_ref idref="fl-5"/>
      </object_component>
      <object_component id="oc-39b">
         <name>.debug_line</name>
         <load_address>0x8f1</load_address>
         <run_address>0x8f1</run_address>
         <size>0x51</size>
         <input_file_ref idref="fl-5"/>
      </object_component>
      <object_component id="oc-316">
         <name>.debug_line</name>
         <load_address>0x942</load_address>
         <run_address>0x942</run_address>
         <size>0x48</size>
         <input_file_ref idref="fl-5"/>
      </object_component>
      <object_component id="oc-325">
         <name>.debug_line</name>
         <load_address>0x98a</load_address>
         <run_address>0x98a</run_address>
         <size>0x48</size>
         <input_file_ref idref="fl-5"/>
      </object_component>
      <object_component id="oc-3a4">
         <name>.debug_line</name>
         <load_address>0x9d2</load_address>
         <run_address>0x9d2</run_address>
         <size>0x58</size>
         <input_file_ref idref="fl-5"/>
      </object_component>
      <object_component id="oc-2bf">
         <name>.debug_line</name>
         <load_address>0xa2a</load_address>
         <run_address>0xa2a</run_address>
         <size>0x55</size>
         <input_file_ref idref="fl-5"/>
      </object_component>
      <object_component id="oc-3dd">
         <name>.debug_line</name>
         <load_address>0xa7f</load_address>
         <run_address>0xa7f</run_address>
         <size>0x6b</size>
         <input_file_ref idref="fl-6"/>
      </object_component>
      <object_component id="oc-26a">
         <name>.debug_line</name>
         <load_address>0xaea</load_address>
         <run_address>0xaea</run_address>
         <size>0x2c</size>
         <input_file_ref idref="fl-6"/>
      </object_component>
      <object_component id="oc-271">
         <name>.debug_line</name>
         <load_address>0xb16</load_address>
         <run_address>0xb16</run_address>
         <size>0x2c</size>
         <input_file_ref idref="fl-6"/>
      </object_component>
      <object_component id="oc-3c5">
         <name>.debug_line</name>
         <load_address>0xb42</load_address>
         <run_address>0xb42</run_address>
         <size>0x4b</size>
         <input_file_ref idref="fl-6"/>
      </object_component>
      <object_component id="oc-1e4">
         <name>.debug_line</name>
         <load_address>0xb8d</load_address>
         <run_address>0xb8d</run_address>
         <size>0x46</size>
         <input_file_ref idref="fl-6"/>
      </object_component>
      <object_component id="oc-157">
         <name>.debug_line</name>
         <load_address>0xbd3</load_address>
         <run_address>0xbd3</run_address>
         <size>0xd8</size>
         <input_file_ref idref="fl-6"/>
      </object_component>
      <object_component id="oc-eb">
         <name>.debug_line</name>
         <load_address>0xcab</load_address>
         <run_address>0xcab</run_address>
         <size>0x42</size>
         <input_file_ref idref="fl-6"/>
      </object_component>
      <object_component id="oc-15e">
         <name>.debug_line</name>
         <load_address>0xced</load_address>
         <run_address>0xced</run_address>
         <size>0x4a</size>
         <input_file_ref idref="fl-6"/>
      </object_component>
      <object_component id="oc-f1">
         <name>.debug_line</name>
         <load_address>0xd37</load_address>
         <run_address>0xd37</run_address>
         <size>0x48</size>
         <input_file_ref idref="fl-6"/>
      </object_component>
      <object_component id="oc-2fe">
         <name>.debug_line</name>
         <load_address>0xd7f</load_address>
         <run_address>0xd7f</run_address>
         <size>0x2c</size>
         <input_file_ref idref="fl-7"/>
      </object_component>
      <object_component id="oc-300">
         <name>.debug_line</name>
         <load_address>0xdab</load_address>
         <run_address>0xdab</run_address>
         <size>0x2c</size>
         <input_file_ref idref="fl-7"/>
      </object_component>
      <object_component id="oc-1f0">
         <name>.debug_line</name>
         <load_address>0xdd7</load_address>
         <run_address>0xdd7</run_address>
         <size>0x40</size>
         <input_file_ref idref="fl-7"/>
      </object_component>
      <object_component id="oc-1b1">
         <name>.debug_line</name>
         <load_address>0xe17</load_address>
         <run_address>0xe17</run_address>
         <size>0x55</size>
         <input_file_ref idref="fl-7"/>
      </object_component>
      <object_component id="oc-1d2">
         <name>.debug_line</name>
         <load_address>0xe6c</load_address>
         <run_address>0xe6c</run_address>
         <size>0x44</size>
         <input_file_ref idref="fl-7"/>
      </object_component>
      <object_component id="oc-202">
         <name>.debug_line</name>
         <load_address>0xeb0</load_address>
         <run_address>0xeb0</run_address>
         <size>0x49</size>
         <input_file_ref idref="fl-7"/>
      </object_component>
      <object_component id="oc-287">
         <name>.debug_line</name>
         <load_address>0xef9</load_address>
         <run_address>0xef9</run_address>
         <size>0xdb</size>
         <input_file_ref idref="fl-8"/>
      </object_component>
      <object_component id="oc-28e">
         <name>.debug_line</name>
         <load_address>0xfd4</load_address>
         <run_address>0xfd4</run_address>
         <size>0x2d</size>
         <input_file_ref idref="fl-8"/>
      </object_component>
      <object_component id="oc-208">
         <name>.debug_line</name>
         <load_address>0x1001</load_address>
         <run_address>0x1001</run_address>
         <size>0x4b</size>
         <input_file_ref idref="fl-8"/>
      </object_component>
      <object_component id="oc-17a">
         <name>.debug_line</name>
         <load_address>0x104c</load_address>
         <run_address>0x104c</run_address>
         <size>0x63</size>
         <input_file_ref idref="fl-8"/>
      </object_component>
      <object_component id="oc-273">
         <name>.debug_line</name>
         <load_address>0x10af</load_address>
         <run_address>0x10af</run_address>
         <size>0x2e</size>
         <input_file_ref idref="fl-9"/>
      </object_component>
      <object_component id="oc-165">
         <name>.debug_line</name>
         <load_address>0x10dd</load_address>
         <run_address>0x10dd</run_address>
         <size>0x52</size>
         <input_file_ref idref="fl-9"/>
      </object_component>
      <object_component id="oc-f7">
         <name>.debug_line</name>
         <load_address>0x112f</load_address>
         <run_address>0x112f</run_address>
         <size>0x4b</size>
         <input_file_ref idref="fl-9"/>
      </object_component>
      <object_component id="oc-1de">
         <name>.debug_line</name>
         <load_address>0x117a</load_address>
         <run_address>0x117a</run_address>
         <size>0x46</size>
         <input_file_ref idref="fl-9"/>
      </object_component>
      <object_component id="oc-38c">
         <name>.debug_line</name>
         <load_address>0x11c0</load_address>
         <run_address>0x11c0</run_address>
         <size>0x45</size>
         <input_file_ref idref="fl-9"/>
      </object_component>
      <object_component id="oc-2b3">
         <name>.debug_line</name>
         <load_address>0x1205</load_address>
         <run_address>0x1205</run_address>
         <size>0x4b</size>
         <input_file_ref idref="fl-9"/>
      </object_component>
      <object_component id="oc-19c">
         <name>.debug_line</name>
         <load_address>0x1250</load_address>
         <run_address>0x1250</run_address>
         <size>0x30</size>
         <input_file_ref idref="fl-a"/>
      </object_component>
      <object_component id="oc-2ad">
         <name>.debug_line</name>
         <load_address>0x1280</load_address>
         <run_address>0x1280</run_address>
         <size>0x46</size>
         <input_file_ref idref="fl-a"/>
      </object_component>
      <object_component id="oc-336">
         <name>.debug_line</name>
         <load_address>0x12c6</load_address>
         <run_address>0x12c6</run_address>
         <size>0x48</size>
         <input_file_ref idref="fl-a"/>
      </object_component>
      <object_component id="oc-e5">
         <name>.debug_line</name>
         <load_address>0x130e</load_address>
         <run_address>0x130e</run_address>
         <size>0x54</size>
         <input_file_ref idref="fl-a"/>
      </object_component>
      <object_component id="oc-1bd">
         <name>.debug_line</name>
         <load_address>0x1362</load_address>
[...]
         <value>0xffffffff</value>
      </symbol>
      <symbol id="sm-6c">
         <name>__TI_prof_data_size</name>
         <value>0xffffffff</value>
      </symbol>
      <symbol id="sm-bf">
         <name>WriteEE</name>
         <value>0xc582</value>
         <object_component_ref idref="oc-390"/>
      </symbol>
      <symbol id="sm-c0">
         <name>ReadEE</name>
         <value>0xc552</value>
         <object_component_ref idref="oc-3d0"/>
      </symbol>
      <symbol id="sm-f3">
         <name>PullQueue</name>
         <value>0xc762</value>
         <object_component_ref idref="oc-210"/>
      </symbol>
      <symbol id="sm-f4">
         <name>PushQueue</name>
         <value>0xc4e4</value>
         <object_component_ref idref="oc-2b5"/>
      </symbol>
      <symbol id="sm-f5">
         <name>QueueInit</name>
         <value>0xc854</value>
         <object_component_ref idref="oc-1f2"/>
      </symbol>
      <symbol id="sm-f6">
         <name>QueueStatus</name>
         <value>0xc93a</value>
         <object_component_ref idref="oc-20a"/>
      </symbol>
      <symbol id="sm-130">
         <name>init_door</name>
         <value>0xc800</value>
         <object_component_ref idref="oc-1e6"/>
      </symbol>
      <symbol id="sm-131">
         <name>trigger_door_to_open</name>
         <value>0xc742</value>
         <object_component_ref idref="oc-30c"/>
      </symbol>
      <symbol id="sm-132">
         <name>trigger_door_to_close</name>
         <value>0xc8c0</value>
         <object_component_ref idref="oc-374"/>
      </symbol>
      <symbol id="sm-133">
         <name>OpenDoor</name>
         <value>0xc934</value>
         <object_component_ref idref="oc-382"/>
      </symbol>
      <symbol id="sm-134">
         <name>CloseDoor</name>
         <value>0xc92e</value>
         <object_component_ref idref="oc-27e"/>
      </symbol>
      <symbol id="sm-135">
         <name>isr_door</name>
         <value>0xc89c</value>
         <object_component_ref idref="oc-1b3"/>
      </symbol>
      <symbol id="sm-136">
         <name>Extend_open_delay</name>
         <value>0xc90a</value>
         <object_component_ref idref="oc-37a"/>
      </symbol>
      <symbol id="sm-14a">
         <name>fsm</name>
         <value>0xc6da</value>
         <object_component_ref idref="oc-21d"/>
      </symbol>
      <symbol id="sm-1cd">
         <name>get_state</name>
         <value>0xc946</value>
         <object_component_ref idref="oc-217"/>
      </symbol>
      <symbol id="sm-1ce">
         <name>add_card</name>
         <value>0xc2ac</value>
         <object_component_ref idref="oc-3a0"/>
      </symbol>
      <symbol id="sm-1cf">
         <name>ParseCard</name>
         <value>0xc37a</value>
         <object_component_ref idref="oc-2bb"/>
      </symbol>
      <symbol id="sm-1d0">
         <name>set_init_state</name>
         <value>0xc926</value>
         <object_component_ref idref="oc-1f8"/>
      </symbol>
      <symbol id="sm-1d1">
         <name>erase_card</name>
         <value>0xc3ba</value>
         <object_component_ref idref="oc-397"/>
      </symbol>
      <symbol id="sm-1d2">
         <name>S_delete_card</name>
         <value>0x236</value>
         <object_component_ref idref="oc-31e"/>
      </symbol>
      <symbol id="sm-1d3">
         <name>search_card_table</name>
         <value>0xc472</value>
         <object_component_ref idref="oc-338"/>
      </symbol>
      <symbol id="sm-1d4">
         <name>EE_Read_Card</name>
         <value>0xc4ac</value>
         <object_component_ref idref="oc-3a9"/>
      </symbol>
      <symbol id="sm-1d5">
         <name>EE_Write_Card</name>
         <value>0xc5e0</value>
         <object_component_ref idref="oc-3c8"/>
      </symbol>
      <symbol id="sm-1d6">
         <name>S_opening_door</name>
         <value>0x248</value>
         <object_component_ref idref="oc-309"/>
      </symbol>
      <symbol id="sm-1d7">
         <name>S_add_card</name>
         <value>0x224</value>
         <object_component_ref idref="oc-327"/>
      </symbol>
      <symbol id="sm-1d8">
         <name>store_state</name>
         <value>0xc94c</value>
         <object_component_ref idref="oc-223"/>
      </symbol>
      <symbol id="sm-1d9">
         <name>blink_led</name>
         <value>0xc7d4</value>
         <object_component_ref idref="oc-321"/>
      </symbol>
      <symbol id="sm-1da">
         <name>erase_table</name>
         <value>0xc338</value>
         <object_component_ref idref="oc-318"/>
      </symbol>
      <symbol id="sm-1db">
         <name>do_nothing</name>
         <value>0xc8e2</value>
         <object_component_ref idref="oc-312"/>
      </symbol>
      <symbol id="sm-1dc">
         <name>S_ilde</name>
         <value>0x200</value>
         <object_component_ref idref="oc-29c"/>
      </symbol>
      <symbol id="sm-229">
         <name>__TI_int06</name>
         <value>0xffec</value>
         <object_component_ref idref="oc-44"/>
      </symbol>
      <symbol id="sm-22a">
         <name>__TI_int07</name>
         <value>0xffee</value>
         <object_component_ref idref="oc-45"/>
      </symbol>
      <symbol id="sm-22b">
         <name>ready</name>
         <value>0x26c</value>
         <object_component_ref idref="oc-1a0"/>
      </symbol>
      <symbol id="sm-22c">
         <name>i2c_data</name>
         <value>0x25a</value>
         <object_component_ref idref="oc-19d"/>
      </symbol>
      <symbol id="sm-22d">
         <name>i2c_init</name>
         <value>0xc60c</value>
         <object_component_ref idref="oc-1e0"/>
      </symbol>
      <symbol id="sm-22e">
         <name>USCIAB0RX_ISR</name>
         <value>0xc664</value>
         <object_component_ref idref="oc-ed"/>
      </symbol>
      <symbol id="sm-22f">
         <name>USCIAB0TX_ISR</name>
         <value>0xc7ba</value>
         <object_component_ref idref="oc-e7"/>
      </symbol>
      <symbol id="sm-230">
         <name>i2c_trans</name>
         <value>0xc3f8</value>
         <object_component_ref idref="oc-3c1"/>
      </symbol>
      <symbol id="sm-231">
         <name>mode</name>
         <value>0x26d</value>
         <object_component_ref idref="oc-1a0"/>
      </symbol>
      <symbol id="sm-264">
         <name>init_led</name>
         <value>0xc720</value>
         <object_component_ref idref="oc-1ce"/>
      </symbol>
      <symbol id="sm-265">
         <name>isr_led</name>
         <value>0xc436</value>
         <object_component_ref idref="oc-1ad"/>
      </symbol>
      <symbol id="sm-266">
         <name>flash_led</name>
         <value>0xc51c</value>
         <object_component_ref idref="oc-1fe"/>
      </symbol>
      <symbol id="sm-267">
         <name>led_off</name>
         <value>0xc914</value>
         <object_component_ref idref="oc-1ec"/>
      </symbol>
      <symbol id="sm-283">
         <name>chusma1</name>
         <value>0x287</value>
      </symbol>
      <symbol id="sm-284">
         <name>chusma2</name>
         <value>0x290</value>
      </symbol>
      <symbol id="sm-285">
         <name>chusma3</name>
         <value>0x291</value>
      </symbol>
      <symbol id="sm-286">
         <name>chusma4</name>
         <value>0x292</value>
      </symbol>
      <symbol id="sm-287">
         <name>dathi</name>
         <value>0x293</value>
      </symbol>
      <symbol id="sm-288">
         <name>datlo</name>
         <value>0x294</value>
      </symbol>
      <symbol id="sm-289">
         <name>eve</name>
         <value>0x295</value>
      </symbol>
      <symbol id="sm-28a">
         <name>test16</name>
         <value>0x26e</value>
         <object_component_ref idref="oc-1c9"/>
      </symbol>
      <symbol id="sm-28b">
         <name>ProcessEvents</name>
         <value>0xc68e</value>
         <object_component_ref idref="oc-204"/>
      </symbol>
      <symbol id="sm-28c">
         <name>main</name>
         <value>0xc0e6</value>
         <object_component_ref idref="oc-176"/>
      </symbol>
      <symbol id="sm-2bd">
         <name>__TI_int08</name>
         <value>0xfff0</value>
         <object_component_ref idref="oc-46"/>
      </symbol>
      <symbol id="sm-2be">
         <name>Timer_Set_Delay</name>
         <value>0xc866</value>
         <object_component_ref idref="oc-388"/>
      </symbol>
      <symbol id="sm-2bf">
         <name>Timer_Get_Status</name>
         <value>0xc82c</value>
         <object_component_ref idref="oc-2af"/>
      </symbol>
      <symbol id="sm-2c0">
         <name>isr_timer</name>
         <value>0xc5b2</value>
         <object_component_ref idref="oc-f3"/>
      </symbol>
      <symbol id="sm-2c1">
         <name>TAOI_handler</name>
         <value>0xc6fe</value>
         <object_component_ref idref="oc-161"/>
      </symbol>
      <symbol id="sm-2c2">
         <name>init_timer</name>
         <value>0xc88a</value>
         <object_component_ref idref="oc-1da"/>
      </symbol>
      <symbol id="sm-2f8">
         <name>init_wiegand</name>
         <value>0xc8f0</value>
         <object_component_ref idref="oc-1d4"/>
      </symbol>
      <symbol id="sm-2f9">
         <name>wiegand_get_status</name>
         <value>0xc8fe</value>
         <object_component_ref idref="oc-2a9"/>
      </symbol>
      <symbol id="sm-2fa">
         <name>__TI_int02</name>
         <value>0xffe4</value>
         <object_component_ref idref="oc-41"/>
      </symbol>
      <symbol id="sm-2fb">
         <name>isr_wiegand</name>
         <value>0xc204</value>
         <object_component_ref idref="oc-e1"/>
      </symbol>
      <symbol id="sm-2fc">
         <name>isr_card</name>
         <value>0xc780</value>
         <object_component_ref idref="oc-1b9"/>
      </symbol>
      <symbol id="sm-2fd">
         <name>wiegand_get_card_number</name>
         <value>0xc6b4</value>
         <object_component_ref idref="oc-332"/>
      </symbol>
      <symbol id="sm-307">
         <name>__mspabi_remu</name>
         <value>0xc816</value>
         <object_component_ref idref="oc-2a3"/>
      </symbol>
      <symbol id="sm-308">
         <name>__mspabi_divu</name>
         <value>0xc816</value>
         <object_component_ref idref="oc-2a3"/>
      </symbol>
      <symbol id="sm-311">
         <name>__mspabi_func_epilog_2</name>
         <value>0xc8dc</value>
         <object_component_ref idref="oc-bf"/>
      </symbol>
      <symbol id="sm-312">
         <name>__mspabi_func_epilog_3</name>
         <value>0xc8da</value>
         <object_component_ref idref="oc-bf"/>
      </symbol>
      <symbol id="sm-313">
         <name>__mspabi_func_epilog_1</name>
         <value>0xc8de</value>
         <object_component_ref idref="oc-bf"/>
      </symbol>
      <symbol id="sm-314">
         <name>__mspabi_func_epilog_6</name>
         <value>0xc8d4</value>
         <object_component_ref idref="oc-bf"/>
      </symbol>
      <symbol id="sm-315">
         <name>__mspabi_func_epilog_7</name>
         <value>0xc8d2</value>
         <object_component_ref idref="oc-bf"/>
      </symbol>
      <symbol id="sm-316">
         <name>__mspabi_func_epilog_4</name>
         <value>0xc8d8</value>
         <object_component_ref idref="oc-bf"/>
      </symbol>
      <symbol id="sm-317">
         <name>__mspabi_func_epilog_5</name>
         <value>0xc8d6</value>
         <object_component_ref idref="oc-bf"/>
      </symbol>
      <symbol id="sm-31a">
         <name>__TI_int00</name>
         <value>0xffe0</value>
         <object_component_ref idref="oc-40"/>
      </symbol>
      <symbol id="sm-31d">
         <name>__TI_int03</name>
         <value>0xffe6</value>
         <object_component_ref idref="oc-42"/>
      </symbol>
      <symbol id="sm-320">
         <name>__TI_int05</name>
         <value>0xffea</value>
         <object_component_ref idref="oc-43"/>
      </symbol>
      <symbol id="sm-323">
         <name>__TI_int09</name>
         <value>0xfff2</value>
         <object_component_ref idref="oc-47"/>
      </symbol>
      <symbol id="sm-326">
         <name>__TI_int10</name>
         <value>0xfff4</value>
         <object_component_ref idref="oc-48"/>
      </symbol>
      <symbol id="sm-329">
         <name>__TI_int11</name>
         <value>0xfff6</value>
         <object_component_ref idref="oc-49"/>
      </symbol>
      <symbol id="sm-32c">
         <name>__TI_int12</name>
         <value>0xfff8</value>
         <object_component_ref idref="oc-4a"/>
      </symbol>
      <symbol id="sm-32f">
         <name>__TI_int13</name>
         <value>0xfffa</value>
         <object_component_ref idref="oc-4b"/>
      </symbol>
      <symbol id="sm-332">
         <name>__TI_int14</name>
         <value>0xfffc</value>
         <object_component_ref idref="oc-4c"/>
      </symbol>
      <symbol id="sm-33a">
         <name>__TI_ISR_TRAP</name>
         <value>0xc91e</value>
         <object_component_ref idref="oc-dc"/>
      </symbol>
      <symbol id="sm-34a">
         <name>_stack</name>
         <value>0x3b0</value>
         <object_component_ref idref="oc-b1"/>
      </symbol>
      <symbol id="sm-34b">
         <name>_c_int00_noargs</name>
         <value>0xc79e</value>
         <object_component_ref idref="oc-10b"/>
      </symbol>
      <symbol id="sm-34c">
         <name>_reset_vector</name>
         <value>0xfffe</value>
         <object_component_ref idref="oc-b4"/>
      </symbol>
      <symbol id="sm-36e">
         <name>__TI_auto_init_nobinit_nopinit</name>
         <value>0xc2f6</value>
         <object_component_ref idref="oc-236"/>
      </symbol>
      <symbol id="sm-386">
         <name>__TI_zero_init_nomemset</name>
         <value>0xc840</value>
         <object_component_ref idref="oc-f9"/>
      </symbol>
      <symbol id="sm-391">
         <name>_system_pre_init</name>
         <value>0xc952</value>
         <object_component_ref idref="oc-170"/>
      </symbol>
      <symbol id="sm-39a">
         <name>_system_post_cinit</name>
         <value>0xc956</value>
         <object_component_ref idref="oc-2db"/>
      </symbol>
      <symbol id="sm-3b0">
         <name>__TI_decompress_none</name>
         <value>0xc878</value>
         <object_component_ref idref="oc-3a"/>
      </symbol>
      <symbol id="sm-3d3">
         <name>__TI_decompress_lzss</name>
         <value>0xc188</value>
         <object_component_ref idref="oc-34"/>
      </symbol>
      <symbol id="sm-3dd">
         <name>C$$EXIT</name>
         <value>0xc940</value>
         <object_component_ref idref="oc-22a"/>
      </symbol>
      <symbol id="sm-3de">
         <name>abort</name>
         <value>0xc940</value>
         <object_component_ref idref="oc-22a"/>
      </symbol>
      <symbol id="sm-3ee">
         <name>memcpy</name>
         <value>0xc8ae</value>
         <object_component_ref idref="oc-cf"/>
      </symbol>
      <symbol id="sm-3f6">
         <name>__mspabi_slli</name>
         <value>0xc638</value>
         <object_component_ref idref="oc-b5"/>
      </symbol>
      <symbol id="sm-3f7">
         <name>__mspabi_slli_9</name>
         <value>0xc650</value>
         <object_component_ref idref="oc-b5"/>
      </symbol>
      <symbol id="sm-3f8">
         <name>__mspabi_slli_8</name>
         <value>0xc652</value>
         <object_component_ref idref="oc-b5"/>
      </symbol>
      <symbol id="sm-3f9">
         <name>__mspabi_slli_7</name>
         <value>0xc654</value>
         <object_component_ref idref="oc-b5"/>
      </symbol>
      <symbol id="sm-3fa">
         <name>__mspabi_slli_6</name>
         <value>0xc656</value>
         <object_component_ref idref="oc-b5"/>
      </symbol>
      <symbol id="sm-3fb">
         <name>__mspabi_slli_5</name>
         <value>0xc658</value>
         <object_component_ref idref="oc-b5"/>
      </symbol>
      <symbol id="sm-3fc">
         <name>__mspabi_slli_4</name>
         <value>0xc65a</value>
         <object_component_ref idref="oc-b5"/>
      </symbol>
      <symbol id="sm-3fd">
         <name>__mspabi_slli_3</name>
         <value>0xc65c</value>
         <object_component_ref idref="oc-b5"/>
      </symbol>
      <symbol id="sm-3fe">
         <name>__mspabi_slli_2</name>
         <value>0xc65e</value>
         <object_component_ref idref="oc-b5"/>
      </symbol>
      <symbol id="sm-3ff">
         <name>__mspabi_slli_1</name>
         <value>0xc660</value>
         <object_component_ref idref="oc-b5"/>
      </symbol>
      <symbol id="sm-400">
         <name>__mspabi_slli_15</name>
         <value>0xc644</value>
         <object_component_ref idref="oc-b5"/>
      </symbol>
      <symbol id="sm-401">
         <name>__mspabi_slli_14</name>
         <value>0xc646</value>
         <object_component_ref idref="oc-b5"/>
      </symbol>
      <symbol id="sm-402">
         <name>__mspabi_slli_13</name>
         <value>0xc648</value>
         <object_component_ref idref="oc-b5"/>
      </symbol>
      <symbol id="sm-403">
         <name>__mspabi_slli_12</name>
         <value>0xc64a</value>
         <object_component_ref idref="oc-b5"/>
      </symbol>
      <symbol id="sm-404">
         <name>__mspabi_slli_11</name>
         <value>0xc64c</value>
         <object_component_ref idref="oc-b5"/>
      </symbol>
      <symbol id="sm-405">
         <name>__mspabi_slli_10</name>
         <value>0xc64e</value>
         <object_component_ref idref="oc-b5"/>
      </symbol>
      <symbol id="sm-40d">
         <name>__mspabi_srli_8</name>
         <value>0xc28a</value>
         <object_component_ref idref="oc-ba"/>
      </symbol>
      <symbol id="sm-40e">
         <name>__mspabi_srli_9</name>
         <value>0xc286</value>
         <object_component_ref idref="oc-ba"/>
      </symbol>
      <symbol id="sm-40f">
         <name>__mspabi_srli_6</name>
         <value>0xc292</value>
         <object_component_ref idref="oc-ba"/>
      </symbol>
      <symbol id="sm-410">
         <name>__mspabi_srli_7</name>
         <value>0xc28e</value>
         <object_component_ref idref="oc-ba"/>
      </symbol>
      <symbol id="sm-411">
         <name>__mspabi_srli_4</name>
         <value>0xc29a</value>
         <object_component_ref idref="oc-ba"/>
      </symbol>
      <symbol id="sm-412">
         <name>__mspabi_srli_5</name>
         <value>0xc296</value>
         <object_component_ref idref="oc-ba"/>
      </symbol>
      <symbol id="sm-413">
         <name>__mspabi_srli_2</name>
         <value>0xc2a2</value>
         <object_component_ref idref="oc-ba"/>
      </symbol>
      <symbol id="sm-414">
         <name>__mspabi_srli_3</name>
         <value>0xc29e</value>
         <object_component_ref idref="oc-ba"/>
      </symbol>
      <symbol id="sm-415">
         <name>__mspabi_srli_1</name>
         <value>0xc2a6</value>
         <object_component_ref idref="oc-ba"/>
      </symbol>
      <symbol id="sm-416">
         <name>__mspabi_srli</name>
         <value>0xc260</value>
         <object_component_ref idref="oc-ba"/>
      </symbol>
      <symbol id="sm-417">
         <name>__mspabi_srli_15</name>
         <value>0xc26e</value>
         <object_component_ref idref="oc-ba"/>
      </symbol>
      <symbol id="sm-418">
         <name>__mspabi_srli_14</name>
         <value>0xc272</value>
         <object_component_ref idref="oc-ba"/>
      </symbol>
      <symbol id="sm-419">
         <name>__mspabi_srli_13</name>
         <value>0xc276</value>
         <object_component_ref idref="oc-ba"/>
      </symbol>
      <symbol id="sm-41a">
         <name>__mspabi_srli_12</name>
         <value>0xc27a</value>
         <object_component_ref idref="oc-ba"/>
      </symbol>
      <symbol id="sm-41b">
         <name>__mspabi_srli_11</name>
         <value>0xc27e</value>
         <object_component_ref idref="oc-ba"/>
      </symbol>
      <symbol id="sm-41c">
         <name>__mspabi_srli_10</name>
         <value>0xc282</value>
         <object_component_ref idref="oc-ba"/>
      </symbol>
   </symbol_table>
   <title>Link successful</title>
</link_info>
